// Jest Snapshot v1, https://goo.gl/fbAQLP

exports[`NewSpring Network renders a layout 1`] = `
<div
  className="background--light-secondary soft-double-top@lap-and-up soft-top text-center text-dark-primary"
>
  <div
    className="constrain-page soft-double-top soft-sides@lap soft-sides@handheld"
  >
    <div
      className="grid"
    >
      <div
        className="grid__item one-whole"
      >
        <div
          className="constrain-copy"
        >
          <h1
            className="uppercase push-bottom"
          >
            NewSpring Network
          </h1>
          <p
            className="text-center"
            style={
              Object {
                "fontFamily": "colfax-web",
              }
            }
          >
            NewSpring Network equips church leaders with resources, coaching opportunities, and leadership training. Through NewSpring Network, our church provides free children's ministry curriculum, series graphics, and videos, chord charts, and volunteer training.
          </p>
        </div>
      </div>
    </div>
  </div>
  <Connect(CardSlider)>
    <MetricCard
      count="21,695"
      key="0"
      label="Leaders Served"
    />
    <MetricCard
      count="357,384"
      key="1"
      label="Downloads of free content"
    />
    <MetricCard
      count="73"
      key="2"
      label="Churches that visited NewSpring"
    />
  </Connect(CardSlider)>
  <div
    className="constrain-page three-quarters@lap-wide-and-up nine-tenths@lap push-top@handheld soft-double-sides soft-sides@handheld"
  >
    <div
      className="one-whole"
    >
      <Story
        content="
      <p style=\\"font-family: colfax-web\\">The partnership resulted in 252,434 downloads of NewSpring children’s curriculum and the equipping of 5,000 pastors and church leaders.</p>
      <p style=\\"font-family: colfax-web\\">“We have seen a NewSpring series consistently in our top 10 downloads every week. God is definitely making an impact through NewSpring’s resources in the Open Network community.” -- <em>Kyle Kutter, Life.Church</em></p>
      "
        image="//s3.amazonaws.com/ns.assets/apollos/annual+report/2017/life.church.logo.2.jpg"
        key="0"
        overriddenHeader="In 2017, NewSpring began a new partnership with the Open Network to distribute our resources for free to churches around the world."
      />
    </div>
  </div>
</div>
`;
