// Jest Snapshot v1, https://goo.gl/fbAQLP

exports[`Thanks renders a layout 1`] = `
<div
  className="background--primary text-center text-light-primary soft"
>
  <h3
    className="soft-double-top"
  >
    Thanks For Reading!
  </h3>
  <p
    className="constrain-copy"
  >
    We hope our Annual Report helped you celebrate what God is doing in our cities, our state, and our world.
  </p>
  <a
    className="btn--light push-top push-double-bottom"
    href="https://newspring.cc/serving"
  >
    Get Involved Now
  </a>
</div>
`;
