// Jest Snapshot v1, https://goo.gl/fbAQLP

exports[`Web renders a layout 1`] = `
<div
  className="background--light-primary"
>
  <div
    className="grid flush"
  >
    <div
      className="constrain-page"
    >
      <div
        className="grid__item one-whole text-dark-primary text-center hard"
      >
        <div
          className="soft-double-sides@lap-and-up soft-double-top@lap-and-up push-double-top@lap-and-up soft"
        >
          <div
            className="one-whole text-center push-bottom push-double-top@handheld"
          >
            <h1
              className="uppercase"
            >
              Web Stats
            </h1>
            <h3
              className="italic"
              style={
                Object {
                  "color": "#bc9b67",
                }
              }
            >
              <strong>
                We Have
              </strong>
            </h3>
          </div>
          <div
            className="grid__item push-bottom@lap-and-up one-half@lap one-third@lap-wide-and-up text-dark-primary text-center soft-double@lap-wide-and-up hard-sides@handheld soft-ends@handheld"
            key="0"
          >
            <img
              alt="icon"
              className="push-double-bottom@lap-and-up push-bottom"
              src="//s3.amazonaws.com/ns.assets/apollos/annual%20report/2016/icons/icon-branch.png"
              style={
                Object {
                  "maxHeight": "100px",
                }
              }
            />
            <Connect(FitTextWithoutData)
              compressor={0.6}
            >
              <h1
                style={
                  Object {
                    "fontWeight": 900,
                  }
                }
              >
                13
              </h1>
            </Connect(FitTextWithoutData)>
            <h3>
              different websites and apps
            </h3>
          </div>
          <div
            className="grid__item push-bottom@lap-and-up one-half@lap one-third@lap-wide-and-up text-dark-primary text-center soft-double@lap-wide-and-up hard-sides@handheld soft-ends@handheld"
            key="1"
          >
            <img
              alt="icon"
              className="push-double-bottom@lap-and-up push-bottom"
              src="//s3.amazonaws.com/ns.assets/apollos/annual%20report/2016/icons/icon-mac.png"
              style={
                Object {
                  "maxHeight": "100px",
                }
              }
            />
            <Connect(FitTextWithoutData)
              compressor={0.6}
            >
              <h1
                style={
                  Object {
                    "fontWeight": 900,
                  }
                }
              >
                2,035,975
              </h1>
            </Connect(FitTextWithoutData)>
            <h3>
              unique devices to view our sites and apps
            </h3>
          </div>
          <div
            className="grid__item push-bottom@lap-and-up one-half@lap one-third@lap-wide-and-up text-dark-primary text-center soft-double@lap-wide-and-up hard-sides@handheld soft-ends@handheld"
            key="2"
          >
            <img
              alt="icon"
              className="push-double-bottom@lap-and-up push-bottom"
              src="//s3.amazonaws.com/ns.assets/apollos/annual%20report/2016/icons/icon-viewers.png"
              style={
                Object {
                  "maxHeight": "100px",
                }
              }
            />
            <Connect(FitTextWithoutData)
              compressor={0.6}
            >
              <h1
                style={
                  Object {
                    "fontWeight": 900,
                  }
                }
              >
                4,431
              </h1>
            </Connect(FitTextWithoutData)>
            <h3>
              average weekly church online viewers
            </h3>
          </div>
          <div
            className="grid__item push-bottom@lap-and-up one-half@lap one-third@lap-wide-and-up text-dark-primary text-center soft-double@lap-wide-and-up hard-sides@handheld soft-ends@handheld"
            key="3"
          >
            <img
              alt="icon"
              className="push-double-bottom@lap-and-up push-bottom"
              src="//s3.amazonaws.com/ns.assets/apollos/annual%20report/2016/icons/icon-phone.png"
              style={
                Object {
                  "maxHeight": "100px",
                }
              }
            />
            <Connect(FitTextWithoutData)
              compressor={0.6}
            >
              <h1
                style={
                  Object {
                    "fontWeight": 900,
                  }
                }
              >
                22,155
              </h1>
            </Connect(FitTextWithoutData)>
            <h3>
              NewSpring app downloads
            </h3>
          </div>
          <div
            className="grid__item push-bottom@lap-and-up one-half@lap one-third@lap-wide-and-up text-dark-primary text-center soft-double@lap-wide-and-up hard-sides@handheld soft-ends@handheld"
            key="4"
          >
            <img
              alt="icon"
              className="push-double-bottom@lap-and-up push-bottom"
              src="//s3.amazonaws.com/ns.assets/apollos/annual%20report/2016/icons/icon-globe.png"
              style={
                Object {
                  "maxHeight": "100px",
                }
              }
            />
            <Connect(FitTextWithoutData)
              compressor={0.6}
            >
              <h1
                style={
                  Object {
                    "fontWeight": 900,
                  }
                }
              >
                230
              </h1>
            </Connect(FitTextWithoutData)>
            <h3>
              countries/provinces that visted our sites
            </h3>
          </div>
        </div>
      </div>
    </div>
  </div>
  <div
    className="text-center one-whole soft-double-top"
    style={
      Object {
        "backgroundColor": "#bc9b67",
        "color": "#FFFFFF",
      }
    }
  >
    <div
      className="soft-bottom@handheld"
    >
      <div
        className="floating soft-double-top one-whole hard@handheld"
      >
        <div
          className="floating__item constrain-copy soft-double-sides@lap-and-up push-sides@lap-and-up soft-sides@handheld"
        >
          <h3
            className="text-center italic"
          >
            <strong>
              Using technology to connect people to Jesus and each other, we saw
            </strong>
          </h3>
        </div>
      </div>
      <Connect(CardSlider)>
        <MetricCard
          additionalClasses="text-dark-primary"
          count="986,347"
          key="0"
          label="Articles Pageviews"
        />
        <MetricCard
          additionalClasses="text-dark-primary"
          count="775,094"
          key="1"
          label="Devotionals Pageviews"
        />
        <MetricCard
          additionalClasses="text-dark-primary"
          count="157,989"
          key="2"
          label="Stories Pageviews"
        />
        <MetricCard
          additionalClasses="text-dark-primary"
          count="195,891"
          key="3"
          label="Sermons Pageviews"
        />
      </Connect(CardSlider)>
    </div>
    <div
      className="soft-sides@handheld"
      style={
        Object {
          "background": "#bc9b67",
        }
      }
    >
      <Story
        content="
            <p style=\\"font-family: colfax-web\\"><strong style=\\"font-family: colfax-web\\">Amy Buckmaster</strong> of <strong style=\\"font-family: colfax-web\\">NewSpring Greenville</strong> grew a daily Bible reading habit in 2017 because of devotionals sent by text message to her phone.</p>
            <p style=\\"font-family: colfax-web\\">“It’s the best way to start each morning! ... It helps me dig deeper into His Word and brings me closer to Jesus.”</p>
            <p style=\\"font-family: colfax-web\\">Do you want to receive a daily devotional by text message each morning? Text READ MY BIBLE to 30303.</p>
          "
        contentClass="text-light-primary"
        image="//s3.amazonaws.com/ns.assets/apollos/annual+report/2017/stories/Amy_Buckmaster.jpg"
      />
    </div>
  </div>
</div>
`;
