exports[`test should render with no props 1`] = `
<Input>
  <div
    className="input"
    data-spec="input-wrapper"
    style={Object {}}>
    <RenderLabel>
      <Label
        disabed={false}
        labelStyles={Object {}}>
        <label
          style={Object {}} />
      </Label>
    </RenderLabel>
    <input
      autoCapitalize="on"
      autoComplete="on"
      autoCorrect="on"
      data-spec="input"
      maxLength=""
      onBlur={[Function]}
      onChange={[Function]}
      onFocus={[Function]}
      style={Object {}} />
  </div>
</Input>
`;
