// Jest Snapshot v1, https://goo.gl/fbAQLP

exports[`should render with no props 1`] = `
<Input>
  <div
    className="input"
    data-spec="input-wrapper"
    style={Object {}}
  >
    <RenderLabel
      disabled={undefined}
      hideLabel={undefined}
      id={undefined}
      label={undefined}
      name={undefined}
      style={undefined}
    >
      <Label
        disabed={false}
        labelFor={undefined}
        labelName={undefined}
        labelStyles={Object {}}
      >
        <label
          htmlFor={undefined}
          style={Object {}}
        />
      </Label>
    </RenderLabel>
    <span
      className=""
      style={
        Object {
          "color": "#858585",
        }
      }
    >
      <input
        autoCapitalize="on"
        autoComplete="on"
        autoCorrect="on"
        className={undefined}
        data-lpignore={undefined}
        data-spec="input"
        defaultValue={undefined}
        disabled={undefined}
        id={undefined}
        maxLength=""
        name={undefined}
        onBlur={[Function]}
        onChange={[Function]}
        onFocus={[Function]}
        placeholder={undefined}
        readOnly={undefined}
        spellCheck={undefined}
        step={undefined}
        style={Object {}}
        type={undefined}
      />
    </span>
  </div>
</Input>
`;
