// Jest Snapshot v1, https://goo.gl/fbAQLP

exports[`FundBreakdown should render properly with data. 1`] = `
<div>
  <h3
    className="text-light-primary soft-half-bottom push-double-bottom"
    style={
      Object {
        "borderBottom": "1px solid",
      }
    }>
    Fund Breakdown
  </h3>
  <div
    className="push-bottom">
    <div
      style={
        Object {
          "color": "#fff",
        }
      }>
      <div
        className="floating floating--left one-half display-inline-block push-half-top"
        style={
          Object {
            "verticalAlign": "middle",
          }
        }>
        <h5
          className="floating__item"
          data-spec="title">
          Step Up
        </h5>
      </div>
      <div
        className="floating floating--right one-half display-inline-block"
        style={
          Object {
            "verticalAlign": "middle",
          }
        }>
        <div
          className="floating text-light-primary floating__item text-right">
          <h6
            className="floating__item flush"
            style={
              Object {
                "paddingRight": "5px",
              }
            }>
            $
          </h6>
          <h4
            className="floating__item flush"
            style={undefined}>
            100
          </h4>
        </div>
      </div>
      <div
        className="one-whole"
        style={
          Object {
            "backgroundColor": "#2a4930",
            "height": "6px",
          }
        }>
        <div
          style={
            Object {
              "backgroundColor": "white",
              "height": "100%",
              "width": "10%",
            }
          } />
      </div>
    </div>
  </div>
  <div
    className="push-bottom">
    <div
      style={
        Object {
          "color": "#fff",
        }
      }>
      <div
        className="floating floating--left one-half display-inline-block push-half-top"
        style={
          Object {
            "verticalAlign": "middle",
          }
        }>
        <h5
          className="floating__item"
          data-spec="title">
          General Fund
        </h5>
      </div>
      <div
        className="floating floating--right one-half display-inline-block"
        style={
          Object {
            "verticalAlign": "middle",
          }
        }>
        <div
          className="floating text-light-primary floating__item text-right">
          <h6
            className="floating__item flush"
            style={
              Object {
                "paddingRight": "5px",
              }
            }>
            $
          </h6>
          <h4
            className="floating__item flush"
            style={undefined}>
            900
          </h4>
        </div>
      </div>
      <div
        className="one-whole"
        style={
          Object {
            "backgroundColor": "#2a4930",
            "height": "6px",
          }
        }>
        <div
          style={
            Object {
              "backgroundColor": "white",
              "height": "100%",
              "width": "90%",
            }
          } />
      </div>
    </div>
  </div>
</div>
`;
