// Jest Snapshot v1, https://goo.gl/fbAQLP

exports[`CardSlider should render with default props 1`] = `
<div
  style={
    Object {
      "WebkitOverflowScrolling": "touch",
      "overflowX": "auto",
      "overflowY": "hidden",
    }
  }
>
  <section
    style={
      Object {
        "width": "867.2px",
      }
    }
  >
    <div
      className="card floating display-inline-block push-right"
      key="0"
      style={
        Object {
          "height": 393.6,
          "width": 393.6,
        }
      }
    >
      <MetricCard
        count="11,130"
        key="0"
        label="Total Salvations"
      />
    </div>
    <div
      className="card floating display-inline-block "
      key="1"
      style={
        Object {
          "height": 393.6,
          "width": 393.6,
        }
      }
    >
      <MetricCard
        count="3,982"
        key="1"
        label="Student Salvations at Fuse and Gauntlet"
      />
    </div>
  </section>
</div>
`;
