exports[`test doesn't render if don't show 1`] = `null`;

exports[`test doesn't render if no embed code 1`] = `null`;

exports[`test doesn't render if not live 1`] = `null`;

exports[`test getClasses returns default classes 1`] = `"text-center soft-half-ends display-inline-block plain one-whole live-banner_58jhza"`;

exports[`test getClasses returns float version 1`] = `"text-center soft-half-ends display-inline-block plain one-whole live-banner_58jhza live-float_1aks88i"`;

exports[`test getTextClasses returns default classes 1`] = `"flush hard text-light-primary live-text_sb3i5d"`;

exports[`test parses query 1`] = `
"query IsLive {
  live {
    live
    embedCode
  }
}
"
`;

exports[`test renders float version 1`] = `
<mockConstructor
  defaultStyle={
    Object {
      "height": 0,
    }
  }
  style={
    Object {
      "height": undefined,
    }
  }>
  <Meta
    title="Watch Live Services" />
</mockConstructor>
`;

exports[`test renders with props 1`] = `
<mockConstructor
  defaultStyle={
    Object {
      "height": 0,
    }
  }
  style={
    Object {
      "height": undefined,
    }
  }>
  <Meta
    title="Watch Live Services" />
</mockConstructor>
`;
