// Jest Snapshot v1, https://goo.gl/fbAQLP

exports[`should only show the iOS messages if there isn't a schedule start 1`] = `
<button
  className="btn soft-half-top one-whole"
  type="submit"
>
  <span>
    Schedule With 6789
  </span>
     
  <div
    className="background--fill display-inline-block"
    style={
      Object {
        "backgroundImage": "url('data:image/png;base64,iVBORw0KGgoAAAANSUhEUgAAAFAAAAA8CAYAAADxJz2MAAAABGdBTUEAALGPC/xhBQAAAc9JREFUeAHt3DFOwzAUxnGcROoMEx04Q4/AoSraoXMWqp4DjgFH4AwgdWvnDlV4FoyOn+xPlVrlnwEJ+32h/eWlcqjkcGfHbrd7Op1Or8MwPNuv8zjGMSqwDyF8tG27Wq/XP+Ef78vw7kcjTKQEDl3XLRrrvC14KR937OF8Pm8bK4u3LUeFQPzIa+zHY0WWyJ/APHYghyDQjWU3m00Ym5vieN/3Q+p904EplYIxAAuwUqUAplQKxgAswEqVAphSKRgDsAArVQpgSqVgDMACrFQpgCmVgrHRJxHvHGMrcy93rfO1T150oHhFAQRQFBDjdCCAooAYpwMBFAXEePU6sHbdJL7eq4tzC4uXBEAARQExTgcCKAqIcToQQFFAjNOBAIoCYrz6SeTS/5G+lScdbmGxAwEEUBQQ43QggKKAGKcDARQFxHj1OvBW1mmijxvnFnaJ8gUA5n3cWQBdonwBgHkfdxZAlyhfAGDex50F0CXKFwCY93FnAXSJ8gUA5n3cWQBdonxBuPR3G/k/f/uzdKB4DSPgXjzHlOP7xjaR+ZyygPLeo11jO/C82EkOyommmDW842w2WzVx+6K4A48NvBkEt7PfDXHrp3fDWyyXy+9ftplH0FR79EYAAAAASUVORK5CYII=')",
        "borderRadius": "3px",
        "height": "21px",
        "position": "inherit",
        "top": "3px",
        "width": "30px",
      }
    }
  />
</button>
`;

exports[`should render iOS action button 1`] = `
<div>
  <p
    className="text-dark-secondary"
  >
    <small>
      <em>
        Due to restrictions with your operating system, you must complete your gift in the browser.
      </em>
    </small>
  </p>
  <button
    className="btn soft-half-top one-whole"
    onClick={[Function]}
  >
    <span>
      Complete With 6789
    </span>
      
    <div
      className="background--fill display-inline-block"
      style={
        Object {
          "backgroundImage": "url('data:image/png;base64,iVBORw0KGgoAAAANSUhEUgAAAFAAAAA8CAYAAADxJz2MAAAABGdBTUEAALGPC/xhBQAAAc9JREFUeAHt3DFOwzAUxnGcROoMEx04Q4/AoSraoXMWqp4DjgFH4AwgdWvnDlV4FoyOn+xPlVrlnwEJ+32h/eWlcqjkcGfHbrd7Op1Or8MwPNuv8zjGMSqwDyF8tG27Wq/XP+Ef78vw7kcjTKQEDl3XLRrrvC14KR937OF8Pm8bK4u3LUeFQPzIa+zHY0WWyJ/APHYghyDQjWU3m00Ym5vieN/3Q+p904EplYIxAAuwUqUAplQKxgAswEqVAphSKRgDsAArVQpgSqVgDMACrFQpgCmVgrHRJxHvHGMrcy93rfO1T150oHhFAQRQFBDjdCCAooAYpwMBFAXEePU6sHbdJL7eq4tzC4uXBEAARQExTgcCKAqIcToQQFFAjNOBAIoCYrz6SeTS/5G+lScdbmGxAwEEUBQQ43QggKKAGKcDARQFxHj1OvBW1mmijxvnFnaJ8gUA5n3cWQBdonwBgHkfdxZAlyhfAGDex50F0CXKFwCY93FnAXSJ8gUA5n3cWQBdonxBuPR3G/k/f/uzdKB4DSPgXjzHlOP7xjaR+ZyygPLeo11jO/C82EkOyommmDW842w2WzVx+6K4A48NvBkEt7PfDXHrp3fDWyyXy+9ftplH0FR79EYAAAAASUVORK5CYII=')",
          "borderRadius": "3px",
          "height": "21px",
          "position": "inherit",
          "top": "3px",
          "width": "30px",
        }
      }
    />
  </button>
</div>
`;

exports[`should render web action button 1`] = `
<button
  className="btn soft-half-top one-whole"
  type="submit"
>
  <span>
    Give With 6789
  </span>
     
  <div
    className="background--fill display-inline-block"
    style={
      Object {
        "backgroundImage": "url('data:image/png;base64,iVBORw0KGgoAAAANSUhEUgAAAFAAAAA8CAYAAADxJz2MAAAABGdBTUEAALGPC/xhBQAAAc9JREFUeAHt3DFOwzAUxnGcROoMEx04Q4/AoSraoXMWqp4DjgFH4AwgdWvnDlV4FoyOn+xPlVrlnwEJ+32h/eWlcqjkcGfHbrd7Op1Or8MwPNuv8zjGMSqwDyF8tG27Wq/XP+Ef78vw7kcjTKQEDl3XLRrrvC14KR937OF8Pm8bK4u3LUeFQPzIa+zHY0WWyJ/APHYghyDQjWU3m00Ym5vieN/3Q+p904EplYIxAAuwUqUAplQKxgAswEqVAphSKRgDsAArVQpgSqVgDMACrFQpgCmVgrHRJxHvHGMrcy93rfO1T150oHhFAQRQFBDjdCCAooAYpwMBFAXEePU6sHbdJL7eq4tzC4uXBEAARQExTgcCKAqIcToQQFFAjNOBAIoCYrz6SeTS/5G+lScdbmGxAwEEUBQQ43QggKKAGKcDARQFxHj1OvBW1mmijxvnFnaJ8gUA5n3cWQBdonwBgHkfdxZAlyhfAGDex50F0CXKFwCY93FnAXSJ8gUA5n3cWQBdonxBuPR3G/k/f/uzdKB4DSPgXjzHlOP7xjaR+ZyygPLeo11jO/C82EkOyommmDW842w2WzVx+6K4A48NvBkEt7PfDXHrp3fDWyyXy+9ftplH0FR79EYAAAAASUVORK5CYII=')",
        "borderRadius": "3px",
        "height": "21px",
        "position": "inherit",
        "top": "3px",
        "width": "30px",
      }
    }
  />
</button>
`;

exports[`test should only show the iOS messages if there isn't a schedule start 1`] = `
<button
  className="btn soft-half-top one-whole"
  type="submit">
  <span>
    Schedule With 6789
  </span>
     
  <div
    className="background--fill display-inline-block"
    style={
      Object {
        "backgroundImage": "url('data:image/png;base64,iVBORw0KGgoAAAANSUhEUgAAAFAAAAA8CAYAAADxJz2MAAAABGdBTUEAALGPC/xhBQAAAc9JREFUeAHt3DFOwzAUxnGcROoMEx04Q4/AoSraoXMWqp4DjgFH4AwgdWvnDlV4FoyOn+xPlVrlnwEJ+32h/eWlcqjkcGfHbrd7Op1Or8MwPNuv8zjGMSqwDyF8tG27Wq/XP+Ef78vw7kcjTKQEDl3XLRrrvC14KR937OF8Pm8bK4u3LUeFQPzIa+zHY0WWyJ/APHYghyDQjWU3m00Ym5vieN/3Q+p904EplYIxAAuwUqUAplQKxgAswEqVAphSKRgDsAArVQpgSqVgDMACrFQpgCmVgrHRJxHvHGMrcy93rfO1T150oHhFAQRQFBDjdCCAooAYpwMBFAXEePU6sHbdJL7eq4tzC4uXBEAARQExTgcCKAqIcToQQFFAjNOBAIoCYrz6SeTS/5G+lScdbmGxAwEEUBQQ43QggKKAGKcDARQFxHj1OvBW1mmijxvnFnaJ8gUA5n3cWQBdonwBgHkfdxZAlyhfAGDex50F0CXKFwCY93FnAXSJ8gUA5n3cWQBdonxBuPR3G/k/f/uzdKB4DSPgXjzHlOP7xjaR+ZyygPLeo11jO/C82EkOyommmDW842w2WzVx+6K4A48NvBkEt7PfDXHrp3fDWyyXy+9ftplH0FR79EYAAAAASUVORK5CYII=')",
        "borderRadius": "3px",
        "height": "21px",
        "position": "inherit",
        "top": "3px",
        "width": "30px",
      }
    } />
</button>
`;

exports[`test should render iOS action button 1`] = `
<div>
  <p
    className="text-dark-secondary">
    <small>
      <em>
        Due to restrictions with your operating system, you must complete your gift in the browser.
      </em>
    </small>
  </p>
  <button
    className="btn soft-half-top one-whole"
    onClick={[Function]}>
    <span>
      Complete With 6789
    </span>
      
    <div
      className="background--fill display-inline-block"
      style={
        Object {
          "backgroundImage": "url('data:image/png;base64,iVBORw0KGgoAAAANSUhEUgAAAFAAAAA8CAYAAADxJz2MAAAABGdBTUEAALGPC/xhBQAAAc9JREFUeAHt3DFOwzAUxnGcROoMEx04Q4/AoSraoXMWqp4DjgFH4AwgdWvnDlV4FoyOn+xPlVrlnwEJ+32h/eWlcqjkcGfHbrd7Op1Or8MwPNuv8zjGMSqwDyF8tG27Wq/XP+Ef78vw7kcjTKQEDl3XLRrrvC14KR937OF8Pm8bK4u3LUeFQPzIa+zHY0WWyJ/APHYghyDQjWU3m00Ym5vieN/3Q+p904EplYIxAAuwUqUAplQKxgAswEqVAphSKRgDsAArVQpgSqVgDMACrFQpgCmVgrHRJxHvHGMrcy93rfO1T150oHhFAQRQFBDjdCCAooAYpwMBFAXEePU6sHbdJL7eq4tzC4uXBEAARQExTgcCKAqIcToQQFFAjNOBAIoCYrz6SeTS/5G+lScdbmGxAwEEUBQQ43QggKKAGKcDARQFxHj1OvBW1mmijxvnFnaJ8gUA5n3cWQBdonwBgHkfdxZAlyhfAGDex50F0CXKFwCY93FnAXSJ8gUA5n3cWQBdonxBuPR3G/k/f/uzdKB4DSPgXjzHlOP7xjaR+ZyygPLeo11jO/C82EkOyommmDW842w2WzVx+6K4A48NvBkEt7PfDXHrp3fDWyyXy+9ftplH0FR79EYAAAAASUVORK5CYII=')",
          "borderRadius": "3px",
          "height": "21px",
          "position": "inherit",
          "top": "3px",
          "width": "30px",
        }
      } />
  </button>
</div>
`;

exports[`test should render web action button 1`] = `
<button
  className="btn soft-half-top one-whole"
  type="submit">
  <span>
    Give With 6789
  </span>
     
  <div
    className="background--fill display-inline-block"
    style={
      Object {
        "backgroundImage": "url('data:image/png;base64,iVBORw0KGgoAAAANSUhEUgAAAFAAAAA8CAYAAADxJz2MAAAABGdBTUEAALGPC/xhBQAAAc9JREFUeAHt3DFOwzAUxnGcROoMEx04Q4/AoSraoXMWqp4DjgFH4AwgdWvnDlV4FoyOn+xPlVrlnwEJ+32h/eWlcqjkcGfHbrd7Op1Or8MwPNuv8zjGMSqwDyF8tG27Wq/XP+Ef78vw7kcjTKQEDl3XLRrrvC14KR937OF8Pm8bK4u3LUeFQPzIa+zHY0WWyJ/APHYghyDQjWU3m00Ym5vieN/3Q+p904EplYIxAAuwUqUAplQKxgAswEqVAphSKRgDsAArVQpgSqVgDMACrFQpgCmVgrHRJxHvHGMrcy93rfO1T150oHhFAQRQFBDjdCCAooAYpwMBFAXEePU6sHbdJL7eq4tzC4uXBEAARQExTgcCKAqIcToQQFFAjNOBAIoCYrz6SeTS/5G+lScdbmGxAwEEUBQQ43QggKKAGKcDARQFxHj1OvBW1mmijxvnFnaJ8gUA5n3cWQBdonwBgHkfdxZAlyhfAGDex50F0CXKFwCY93FnAXSJ8gUA5n3cWQBdonxBuPR3G/k/f/uzdKB4DSPgXjzHlOP7xjaR+ZyygPLeo11jO/C82EkOyommmDW842w2WzVx+6K4A48NvBkEt7PfDXHrp3fDWyyXy+9ftplH0FR79EYAAAAASUVORK5CYII=')",
        "borderRadius": "3px",
        "height": "21px",
        "position": "inherit",
        "top": "3px",
        "width": "30px",
      }
    } />
</button>
`;
