exports[`test renders when complete 1`] = `<Layout stop={[Function]} schedule={{...}} ready={true} state={{...}} active={true} complete={true} entries={[undefined]} loadingEntries={[undefined]} />`;

exports[`test renders with props 1`] = `<Layout stop={[Function]} schedule={{...}} ready={true} state={{...}} active={true} complete={false} entries={[undefined]} loadingEntries={[undefined]} />`;

exports[`test renders without transaction 1`] = `<Layout stop={[Function]} schedule={false} ready={true} state={{...}} active={true} complete={false} entries={[undefined]} loadingEntries={[undefined]} />`;
