exports[`test doesn't render Interest type tag 1`] = `
<section
  className="background--light-secondary hard">
  <Meta
    description="test description"
    id="1"
    image="http://test.com/test.jpg"
    title="test group" />
  <div
    className="ratio--landscape background--fill"
    style={
      Object {
        "backgroundImage": "url(\'http://test.com/test.jpg\')",
        "overflow": "visible",
        "zIndex": 10,
      }
    }>
    <div
      className="ratio__item" />
  </div>
  <div
    className="push-double-sides@lap-wide-and-up push-half-sides flush-ends card outlined outlined--light"
    style={
      Object {
        "borderRadius": "0 0 6px 6px",
      }
    }>
    <div
      className="card__item soft">
      <h3
        className="text-dark-primary push-half-top push-bottom">
        test group
      </h3>
      <h7
        className="text-dark-secondary">
        <small>
          Group Leaders
        </small>
      </h7>
      <h5
        className="text-dark-secondary soft-half-top">
        <span>
          jim bob, 
        </span>
        <span>
          tom bob
        </span>
      </h5>
      <div
        className="ratio--square round display-inline-block push-right background--fill"
        style={
          Object {
            "backgroundImage": "url(\'http://test.com/jim.jpg\')",
            "height": "80px",
            "width": "80px",
          }
        }>
        <div
          className="ratio__item" />
      </div>
      <div
        className="ratio--square round display-inline-block push-right background--fill"
        style={
          Object {
            "backgroundImage": "url(\'http://test.com/tom.jpg\')",
            "height": "80px",
            "width": "80px",
          }
        }>
        <div
          className="ratio__item" />
      </div>
    </div>
  </div>
  <section
    className="soft-double-sides@lap-wide-and-up soft-half-sides soft-half-ends flush-sides">
    <div
      className="card outlined outlined--light soft-sides-@lap-and-up">
      <div
        className="grid card__item soft push-half flush">
        <h4
          className="flush-bottom hard-left push-bottom@handheld push-bottom@lap push-half-top grid__item one-half@lap-wide-and-up one-whole text-center@handheld text-center@lap text-dark-primary">
          #TheseAreMyPeople
        </h4>
        <div
          className="grid__item hard-left text-right@lap-wide-and-up text-center one-whole one-half@lap-wide-and-up">
          <button
            className="flush-bottom push-half-bottom@handheld btn"
            onClick={[Function]}>
            Contact
          </button>
        </div>
      </div>
    </div>
    <div
      className="card outlined outlined--light hard one-whole">
      <div
        className="card__item push-half-top@handheld">
        <div
          className="soft-left@lap-wide-and-up soft soft-double-bottom">
          <h5
            className="soft-half-ends">
            Group Details
          </h5>
          <div
            className="soft-bottom">
            <h7
              className="text-dark-secondary">
              Time
            </h7>
            <h6
              className="text-dark-secondary soft-half-top flush-bottom">
              schedule description
            </h6>
          </div>
          <div
            className="soft-bottom">
            <h7
              className="text-dark-secondary">
              Address
            </h7>
            <h6
              className="text-dark-secondary soft-half-top flush-bottom">
              anderson
              , 
              sc
            </h6>
          </div>
          <div
            className="soft-bottom">
            <h7
              className="text-dark-secondary">
              Campus
            </h7>
            <h6
              className="text-dark-secondary soft-half-top flush-bottom">
              anderson
            </h6>
          </div>
          <div>
            <h7
              className="text-dark-secondary">
              Information
            </h7>
            <h6
              className="text-dark-secondary soft-half-top flush-bottom">
              Children Welcome
              , 1 - 2
            </h6>
          </div>
        </div>
      </div>
    </div>
    <div
      className="card outlined outlined--light hard one-whole">
      <div
        className="card__item push-half-top@handheld">
        <div
          className="soft-left@lap-wide-and-up soft soft-bottom">
          <h5
            className="soft-half-ends">
            More Information
          </h5>
          <div
            className="soft-double-bottom@lap-wide-and-up soft-bottom">
            <h7
              className="text-dark-secondary">
              Description
            </h7>
            <p
              className="soft-half-top flush-bottom">
              <span>
                test description
                <br />
              </span>
            </p>
          </div>
          <div
            className="soft-double-bottom@lap-wide-and-up soft-bottom">
            <h7
              className="text-dark-secondary">
              Members
            </h7>
            <div
              className="soft-half-top flush-bottom">
              <div
                className="ratio--square round display-inline-block push-half-right background--fill"
                style={
                  Object {
                    "backgroundImage": "url(\'http://test.com/person.jpg\')",
                    "height": "40px",
                    "width": "40px",
                  }
                }>
                <div
                  className="ratio__item" />
              </div>
              <div
                className="ratio--square round display-inline-block push-half-right background--fill"
                style={
                  Object {
                    "backgroundImage": "url(\'http://test.com/person.jpg\')",
                    "height": "40px",
                    "width": "40px",
                  }
                }>
                <div
                  className="ratio__item" />
              </div>
            </div>
          </div>
          <div>
            <h7
              className="text-dark-secondary">
              Tags
            </h7>
            <div
              className="soft-half-top flush-bottom">
              <span
                className="tag push-half-right" />
              <span
                className="tag push-half-right" />
              <span
                className="tag push-half-right">
                test
              </span>
              <span
                className="tag push-half-right">
                kid friendly
              </span>
              <span
                className="tag push-half-right">
                test
              </span>
            </div>
          </div>
        </div>
      </div>
    </div>
    <div
      className="card outlined outlined--light soft-sides-@lap-and-up push-bottom">
      <div
        className="card__item soft-double">
        <h4
          className=" push-bottom one-whole text-center text-dark-secondary">
          Looking for another group?
        </h4>
        <div
          className="text-center one-whole">
          <Link
            className="flush-bottom push-half-bottom@handheld btn--dark-tertiary"
            onlyActiveOnIndex={false}
            style={Object {}}
            to="/groups/finder">
            Find A Group
          </Link>
        </div>
      </div>
    </div>
  </section>
</section>
`;

exports[`test doesn't render demographic tag if none 1`] = `
<section
  className="background--light-secondary hard">
  <Meta
    description="test description"
    id="1"
    image="http://test.com/test.jpg"
    title="test group" />
  <div
    className="ratio--landscape background--fill"
    style={
      Object {
        "backgroundImage": "url(\'http://test.com/test.jpg\')",
        "overflow": "visible",
        "zIndex": 10,
      }
    }>
    <div
      className="ratio__item" />
  </div>
  <div
    className="push-double-sides@lap-wide-and-up push-half-sides flush-ends card outlined outlined--light"
    style={
      Object {
        "borderRadius": "0 0 6px 6px",
      }
    }>
    <div
      className="card__item soft">
      <h3
        className="text-dark-primary push-half-top push-bottom">
        test group
      </h3>
      <h7
        className="text-dark-secondary">
        <small>
          Group Leaders
        </small>
      </h7>
      <h5
        className="text-dark-secondary soft-half-top">
        <span>
          jim bob, 
        </span>
        <span>
          tom bob
        </span>
      </h5>
      <div
        className="ratio--square round display-inline-block push-right background--fill"
        style={
          Object {
            "backgroundImage": "url(\'http://test.com/jim.jpg\')",
            "height": "80px",
            "width": "80px",
          }
        }>
        <div
          className="ratio__item" />
      </div>
      <div
        className="ratio--square round display-inline-block push-right background--fill"
        style={
          Object {
            "backgroundImage": "url(\'http://test.com/tom.jpg\')",
            "height": "80px",
            "width": "80px",
          }
        }>
        <div
          className="ratio__item" />
      </div>
    </div>
  </div>
  <section
    className="soft-double-sides@lap-wide-and-up soft-half-sides soft-half-ends flush-sides">
    <div
      className="card outlined outlined--light soft-sides-@lap-and-up">
      <div
        className="grid card__item soft push-half flush">
        <h4
          className="flush-bottom hard-left push-bottom@handheld push-bottom@lap push-half-top grid__item one-half@lap-wide-and-up one-whole text-center@handheld text-center@lap text-dark-primary">
          #TheseAreMyPeople
        </h4>
        <div
          className="grid__item hard-left text-right@lap-wide-and-up text-center one-whole one-half@lap-wide-and-up">
          <button
            className="flush-bottom push-half-bottom@handheld btn"
            onClick={[Function]}>
            Contact
          </button>
        </div>
      </div>
    </div>
    <div
      className="card outlined outlined--light hard one-whole">
      <div
        className="card__item push-half-top@handheld">
        <div
          className="soft-left@lap-wide-and-up soft soft-double-bottom">
          <h5
            className="soft-half-ends">
            Group Details
          </h5>
          <div
            className="soft-bottom">
            <h7
              className="text-dark-secondary">
              Time
            </h7>
            <h6
              className="text-dark-secondary soft-half-top flush-bottom">
              schedule description
            </h6>
          </div>
          <div
            className="soft-bottom">
            <h7
              className="text-dark-secondary">
              Address
            </h7>
            <h6
              className="text-dark-secondary soft-half-top flush-bottom">
              anderson
              , 
              sc
            </h6>
          </div>
          <div
            className="soft-bottom">
            <h7
              className="text-dark-secondary">
              Campus
            </h7>
            <h6
              className="text-dark-secondary soft-half-top flush-bottom">
              anderson
            </h6>
          </div>
          <div>
            <h7
              className="text-dark-secondary">
              Information
            </h7>
            <h6
              className="text-dark-secondary soft-half-top flush-bottom">
              Children Welcome
              , 1 - 2
            </h6>
          </div>
        </div>
      </div>
    </div>
    <div
      className="card outlined outlined--light hard one-whole">
      <div
        className="card__item push-half-top@handheld">
        <div
          className="soft-left@lap-wide-and-up soft soft-bottom">
          <h5
            className="soft-half-ends">
            More Information
          </h5>
          <div
            className="soft-double-bottom@lap-wide-and-up soft-bottom">
            <h7
              className="text-dark-secondary">
              Description
            </h7>
            <p
              className="soft-half-top flush-bottom">
              <span>
                test description
                <br />
              </span>
            </p>
          </div>
          <div
            className="soft-double-bottom@lap-wide-and-up soft-bottom">
            <h7
              className="text-dark-secondary">
              Members
            </h7>
            <div
              className="soft-half-top flush-bottom">
              <div
                className="ratio--square round display-inline-block push-half-right background--fill"
                style={
                  Object {
                    "backgroundImage": "url(\'http://test.com/person.jpg\')",
                    "height": "40px",
                    "width": "40px",
                  }
                }>
                <div
                  className="ratio__item" />
              </div>
              <div
                className="ratio--square round display-inline-block push-half-right background--fill"
                style={
                  Object {
                    "backgroundImage": "url(\'http://test.com/person.jpg\')",
                    "height": "40px",
                    "width": "40px",
                  }
                }>
                <div
                  className="ratio__item" />
              </div>
            </div>
          </div>
          <div>
            <h7
              className="text-dark-secondary">
              Tags
            </h7>
            <div
              className="soft-half-top flush-bottom">
              <span
                className="tag push-half-right" />
              <span
                className="tag push-half-right" />
              <span
                className="tag push-half-right">
                test
              </span>
              <span
                className="tag push-half-right">
                kid friendly
              </span>
              <span
                className="tag push-half-right">
                test
              </span>
            </div>
          </div>
        </div>
      </div>
    </div>
    <div
      className="card outlined outlined--light soft-sides-@lap-and-up push-bottom">
      <div
        className="card__item soft-double">
        <h4
          className=" push-bottom one-whole text-center text-dark-secondary">
          Looking for another group?
        </h4>
        <div
          className="text-center one-whole">
          <Link
            className="flush-bottom push-half-bottom@handheld btn--dark-tertiary"
            onlyActiveOnIndex={false}
            style={Object {}}
            to="/groups/finder">
            Find A Group
          </Link>
        </div>
      </div>
    </div>
  </section>
</section>
`;

exports[`test renders adult only version 1`] = `
<section
  className="background--light-secondary hard">
  <Meta
    description="test description"
    id="1"
    image="http://test.com/test.jpg"
    title="test group" />
  <div
    className="ratio--landscape background--fill"
    style={
      Object {
        "backgroundImage": "url(\'http://test.com/test.jpg\')",
        "overflow": "visible",
        "zIndex": 10,
      }
    }>
    <div
      className="ratio__item" />
  </div>
  <div
    className="push-double-sides@lap-wide-and-up push-half-sides flush-ends card outlined outlined--light"
    style={
      Object {
        "borderRadius": "0 0 6px 6px",
      }
    }>
    <div
      className="card__item soft">
      <h3
        className="text-dark-primary push-half-top push-bottom">
        test group
      </h3>
      <h7
        className="text-dark-secondary">
        <small>
          Group Leaders
        </small>
      </h7>
      <h5
        className="text-dark-secondary soft-half-top">
        <span>
          jim bob, 
        </span>
        <span>
          tom bob
        </span>
      </h5>
      <div
        className="ratio--square round display-inline-block push-right background--fill"
        style={
          Object {
            "backgroundImage": "url(\'http://test.com/jim.jpg\')",
            "height": "80px",
            "width": "80px",
          }
        }>
        <div
          className="ratio__item" />
      </div>
      <div
        className="ratio--square round display-inline-block push-right background--fill"
        style={
          Object {
            "backgroundImage": "url(\'http://test.com/tom.jpg\')",
            "height": "80px",
            "width": "80px",
          }
        }>
        <div
          className="ratio__item" />
      </div>
    </div>
  </div>
  <section
    className="soft-double-sides@lap-wide-and-up soft-half-sides soft-half-ends flush-sides">
    <div
      className="card outlined outlined--light soft-sides-@lap-and-up">
      <div
        className="grid card__item soft push-half flush">
        <h4
          className="flush-bottom hard-left push-bottom@handheld push-bottom@lap push-half-top grid__item one-half@lap-wide-and-up one-whole text-center@handheld text-center@lap text-dark-primary">
          #TheseAreMyPeople
        </h4>
        <div
          className="grid__item hard-left text-right@lap-wide-and-up text-center one-whole one-half@lap-wide-and-up">
          <button
            className="flush-bottom push-half-bottom@handheld btn"
            onClick={[Function]}>
            Contact
          </button>
        </div>
      </div>
    </div>
    <div
      className="card outlined outlined--light hard one-whole">
      <div
        className="card__item push-half-top@handheld">
        <div
          className="soft-left@lap-wide-and-up soft soft-double-bottom">
          <h5
            className="soft-half-ends">
            Group Details
          </h5>
          <div
            className="soft-bottom">
            <h7
              className="text-dark-secondary">
              Time
            </h7>
            <h6
              className="text-dark-secondary soft-half-top flush-bottom">
              schedule description
            </h6>
          </div>
          <div
            className="soft-bottom">
            <h7
              className="text-dark-secondary">
              Address
            </h7>
            <h6
              className="text-dark-secondary soft-half-top flush-bottom">
              anderson
              , 
              sc
            </h6>
          </div>
          <div
            className="soft-bottom">
            <h7
              className="text-dark-secondary">
              Campus
            </h7>
            <h6
              className="text-dark-secondary soft-half-top flush-bottom">
              anderson
            </h6>
          </div>
          <div>
            <h7
              className="text-dark-secondary">
              Information
            </h7>
            <h6
              className="text-dark-secondary soft-half-top flush-bottom">
              Children Welcome
              , 1 - 2
            </h6>
          </div>
        </div>
      </div>
    </div>
    <div
      className="card outlined outlined--light hard one-whole">
      <div
        className="card__item push-half-top@handheld">
        <div
          className="soft-left@lap-wide-and-up soft soft-bottom">
          <h5
            className="soft-half-ends">
            More Information
          </h5>
          <div
            className="soft-double-bottom@lap-wide-and-up soft-bottom">
            <h7
              className="text-dark-secondary">
              Description
            </h7>
            <p
              className="soft-half-top flush-bottom">
              <span>
                test description
                <br />
              </span>
            </p>
          </div>
          <div
            className="soft-double-bottom@lap-wide-and-up soft-bottom">
            <h7
              className="text-dark-secondary">
              Members
            </h7>
            <div
              className="soft-half-top flush-bottom">
              <div
                className="ratio--square round display-inline-block push-half-right background--fill"
                style={
                  Object {
                    "backgroundImage": "url(\'http://test.com/person.jpg\')",
                    "height": "40px",
                    "width": "40px",
                  }
                }>
                <div
                  className="ratio__item" />
              </div>
              <div
                className="ratio--square round display-inline-block push-half-right background--fill"
                style={
                  Object {
                    "backgroundImage": "url(\'http://test.com/person.jpg\')",
                    "height": "40px",
                    "width": "40px",
                  }
                }>
                <div
                  className="ratio__item" />
              </div>
            </div>
          </div>
          <div>
            <h7
              className="text-dark-secondary">
              Tags
            </h7>
            <div
              className="soft-half-top flush-bottom">
              <span
                className="tag push-half-right" />
              <span
                className="tag push-half-right" />
              <span
                className="tag push-half-right">
                test
              </span>
              <span
                className="tag push-half-right">
                kid friendly
              </span>
              <span
                className="tag push-half-right">
                test
              </span>
            </div>
          </div>
        </div>
      </div>
    </div>
    <div
      className="card outlined outlined--light soft-sides-@lap-and-up push-bottom">
      <div
        className="card__item soft-double">
        <h4
          className=" push-bottom one-whole text-center text-dark-secondary">
          Looking for another group?
        </h4>
        <div
          className="text-center one-whole">
          <Link
            className="flush-bottom push-half-bottom@handheld btn--dark-tertiary"
            onlyActiveOnIndex={false}
            style={Object {}}
            to="/groups/finder">
            Find A Group
          </Link>
        </div>
      </div>
    </div>
  </section>
</section>
`;

exports[`test renders leader version 1`] = `
<section
  className="background--light-secondary hard">
  <Meta
    description="test description"
    id="1"
    image="http://test.com/test.jpg"
    title="test group" />
  <div
    className="ratio--landscape background--fill"
    style={
      Object {
        "backgroundImage": "url(\'http://test.com/test.jpg\')",
        "overflow": "visible",
        "zIndex": 10,
      }
    }>
    <div
      className="ratio__item" />
  </div>
  <div
    className="push-double-sides@lap-wide-and-up push-half-sides flush-ends card outlined outlined--light"
    style={
      Object {
        "borderRadius": "0 0 6px 6px",
      }
    }>
    <div
      className="card__item soft">
      <h3
        className="text-dark-primary push-half-top push-bottom">
        test group
      </h3>
      <h7
        className="text-dark-secondary">
        <small>
          Group Leaders
        </small>
      </h7>
      <h5
        className="text-dark-secondary soft-half-top">
        <span>
          jim bob, 
        </span>
        <span>
          tom bob
        </span>
      </h5>
      <div
        className="ratio--square round display-inline-block push-right background--fill"
        style={
          Object {
            "backgroundImage": "url(\'http://test.com/jim.jpg\')",
            "height": "80px",
            "width": "80px",
          }
        }>
        <div
          className="ratio__item" />
      </div>
      <div
        className="ratio--square round display-inline-block push-right background--fill"
        style={
          Object {
            "backgroundImage": "url(\'http://test.com/tom.jpg\')",
            "height": "80px",
            "width": "80px",
          }
        }>
        <div
          className="ratio__item" />
      </div>
    </div>
  </div>
  <section
    className="soft-double-sides@lap-wide-and-up soft-half-sides soft-half-ends flush-sides">
    <div
      className="card outlined outlined--light soft-sides-@lap-and-up">
      <div
        className="grid card__item soft push-half flush">
        <h4
          className="flush-bottom hard-left push-bottom@handheld push-bottom@lap push-half-top grid__item one-half@lap-wide-and-up one-whole text-center@handheld text-center@lap text-dark-primary">
          #TheseAreMyPeople
        </h4>
        <div
          className="grid__item hard-left text-right@lap-wide-and-up text-center one-whole one-half@lap-wide-and-up">
          <a
            className="flush-bottom push-half-bottom@handheld btn"
            href="http://rock.rockgroups/leader?GroupId=2"
            rel="noopener noreferrer"
            target="_blank">
            Manage Group
          </a>
        </div>
      </div>
    </div>
    <div
      className="card outlined outlined--light hard one-whole">
      <div
        className="card__item push-half-top@handheld">
        <div
          className="soft-left@lap-wide-and-up soft soft-double-bottom">
          <h5
            className="soft-half-ends">
            Group Details
          </h5>
          <div
            className="soft-bottom">
            <h7
              className="text-dark-secondary">
              Time
            </h7>
            <h6
              className="text-dark-secondary soft-half-top flush-bottom">
              schedule description
            </h6>
          </div>
          <div
            className="soft-bottom">
            <h7
              className="text-dark-secondary">
              Address
            </h7>
            <h6
              className="text-dark-secondary soft-half-top flush-bottom">
              anderson
              , 
              sc
            </h6>
          </div>
          <div
            className="soft-bottom">
            <h7
              className="text-dark-secondary">
              Campus
            </h7>
            <h6
              className="text-dark-secondary soft-half-top flush-bottom">
              anderson
            </h6>
          </div>
          <div>
            <h7
              className="text-dark-secondary">
              Information
            </h7>
            <h6
              className="text-dark-secondary soft-half-top flush-bottom">
              Children Welcome
              , 1 - 2
            </h6>
          </div>
        </div>
      </div>
    </div>
    <div
      className="card outlined outlined--light hard one-whole">
      <div
        className="card__item push-half-top@handheld">
        <div
          className="soft-left@lap-wide-and-up soft soft-bottom">
          <h5
            className="soft-half-ends">
            More Information
          </h5>
          <div
            className="soft-double-bottom@lap-wide-and-up soft-bottom">
            <h7
              className="text-dark-secondary">
              Description
            </h7>
            <p
              className="soft-half-top flush-bottom">
              <span>
                test description
                <br />
              </span>
            </p>
          </div>
          <div
            className="soft-double-bottom@lap-wide-and-up soft-bottom">
            <h7
              className="text-dark-secondary">
              Members
            </h7>
            <div
              className="soft-half-top flush-bottom">
              <div
                className="ratio--square round display-inline-block push-half-right background--fill"
                style={
                  Object {
                    "backgroundImage": "url(\'http://test.com/person.jpg\')",
                    "height": "40px",
                    "width": "40px",
                  }
                }>
                <div
                  className="ratio__item" />
              </div>
              <div
                className="ratio--square round display-inline-block push-half-right background--fill"
                style={
                  Object {
                    "backgroundImage": "url(\'http://test.com/person.jpg\')",
                    "height": "40px",
                    "width": "40px",
                  }
                }>
                <div
                  className="ratio__item" />
              </div>
            </div>
          </div>
          <div>
            <h7
              className="text-dark-secondary">
              Tags
            </h7>
            <div
              className="soft-half-top flush-bottom">
              <span
                className="tag push-half-right" />
              <span
                className="tag push-half-right" />
              <span
                className="tag push-half-right">
                test
              </span>
              <span
                className="tag push-half-right">
                kid friendly
              </span>
              <span
                className="tag push-half-right">
                test
              </span>
            </div>
          </div>
        </div>
      </div>
    </div>
    <div
      className="card outlined outlined--light soft-sides-@lap-and-up push-bottom">
      <div
        className="card__item soft-double">
        <h4
          className=" push-bottom one-whole text-center text-dark-secondary">
          Looking for another group?
        </h4>
        <div
          className="text-center one-whole">
          <Link
            className="flush-bottom push-half-bottom@handheld btn--dark-tertiary"
            onlyActiveOnIndex={false}
            style={Object {}}
            to="/groups/finder">
            Find A Group
          </Link>
        </div>
      </div>
    </div>
  </section>
</section>
`;

exports[`test renders with props 1`] = `
<section
  className="background--light-secondary hard">
  <Meta
    description="test description"
    id="1"
    image="http://test.com/test.jpg"
    title="test group" />
  <div
    className="ratio--landscape background--fill"
    style={
      Object {
        "backgroundImage": "url(\'http://test.com/test.jpg\')",
        "overflow": "visible",
        "zIndex": 10,
      }
    }>
    <div
      className="ratio__item" />
  </div>
  <div
    className="push-double-sides@lap-wide-and-up push-half-sides flush-ends card outlined outlined--light"
    style={
      Object {
        "borderRadius": "0 0 6px 6px",
      }
    }>
    <div
      className="card__item soft">
      <h3
        className="text-dark-primary push-half-top push-bottom">
        test group
      </h3>
      <h7
        className="text-dark-secondary">
        <small>
          Group Leaders
        </small>
      </h7>
      <h5
        className="text-dark-secondary soft-half-top">
        <span>
          jim bob, 
        </span>
        <span>
          tom bob
        </span>
      </h5>
      <div
        className="ratio--square round display-inline-block push-right background--fill"
        style={
          Object {
            "backgroundImage": "url(\'http://test.com/jim.jpg\')",
            "height": "80px",
            "width": "80px",
          }
        }>
        <div
          className="ratio__item" />
      </div>
      <div
        className="ratio--square round display-inline-block push-right background--fill"
        style={
          Object {
            "backgroundImage": "url(\'http://test.com/tom.jpg\')",
            "height": "80px",
            "width": "80px",
          }
        }>
        <div
          className="ratio__item" />
      </div>
    </div>
  </div>
  <section
    className="soft-double-sides@lap-wide-and-up soft-half-sides soft-half-ends flush-sides">
    <div
      className="card outlined outlined--light soft-sides-@lap-and-up">
      <div
        className="grid card__item soft push-half flush">
        <h4
          className="flush-bottom hard-left push-bottom@handheld push-bottom@lap push-half-top grid__item one-half@lap-wide-and-up one-whole text-center@handheld text-center@lap text-dark-primary">
          #TheseAreMyPeople
        </h4>
        <div
          className="grid__item hard-left text-right@lap-wide-and-up text-center one-whole one-half@lap-wide-and-up">
          <button
            className="flush-bottom push-half-bottom@handheld btn"
            onClick={[Function]}>
            Contact
          </button>
        </div>
      </div>
    </div>
    <div
      className="card outlined outlined--light hard one-whole">
      <div
        className="card__item push-half-top@handheld">
        <div
          className="soft-left@lap-wide-and-up soft soft-double-bottom">
          <h5
            className="soft-half-ends">
            Group Details
          </h5>
          <div
            className="soft-bottom">
            <h7
              className="text-dark-secondary">
              Time
            </h7>
            <h6
              className="text-dark-secondary soft-half-top flush-bottom">
              schedule description
            </h6>
          </div>
          <div
            className="soft-bottom">
            <h7
              className="text-dark-secondary">
              Address
            </h7>
            <h6
              className="text-dark-secondary soft-half-top flush-bottom">
              anderson
              , 
              sc
            </h6>
          </div>
          <div
            className="soft-bottom">
            <h7
              className="text-dark-secondary">
              Campus
            </h7>
            <h6
              className="text-dark-secondary soft-half-top flush-bottom">
              anderson
            </h6>
          </div>
          <div>
            <h7
              className="text-dark-secondary">
              Information
            </h7>
            <h6
              className="text-dark-secondary soft-half-top flush-bottom">
              Children Welcome
              , 1 - 2
            </h6>
          </div>
        </div>
      </div>
    </div>
    <div
      className="card outlined outlined--light hard one-whole">
      <div
        className="card__item push-half-top@handheld">
        <div
          className="soft-left@lap-wide-and-up soft soft-bottom">
          <h5
            className="soft-half-ends">
            More Information
          </h5>
          <div
            className="soft-double-bottom@lap-wide-and-up soft-bottom">
            <h7
              className="text-dark-secondary">
              Description
            </h7>
            <p
              className="soft-half-top flush-bottom">
              <span>
                test description
                <br />
              </span>
            </p>
          </div>
          <div
            className="soft-double-bottom@lap-wide-and-up soft-bottom">
            <h7
              className="text-dark-secondary">
              Members
            </h7>
            <div
              className="soft-half-top flush-bottom">
              <div
                className="ratio--square round display-inline-block push-half-right background--fill"
                style={
                  Object {
                    "backgroundImage": "url(\'http://test.com/person.jpg\')",
                    "height": "40px",
                    "width": "40px",
                  }
                }>
                <div
                  className="ratio__item" />
              </div>
              <div
                className="ratio--square round display-inline-block push-half-right background--fill"
                style={
                  Object {
                    "backgroundImage": "url(\'http://test.com/person.jpg\')",
                    "height": "40px",
                    "width": "40px",
                  }
                }>
                <div
                  className="ratio__item" />
              </div>
            </div>
          </div>
          <div>
            <h7
              className="text-dark-secondary">
              Tags
            </h7>
            <div
              className="soft-half-top flush-bottom">
              <span
                className="tag push-half-right" />
              <span
                className="tag push-half-right" />
              <span
                className="tag push-half-right">
                test
              </span>
              <span
                className="tag push-half-right">
                kid friendly
              </span>
              <span
                className="tag push-half-right">
                test
              </span>
            </div>
          </div>
        </div>
      </div>
    </div>
    <div
      className="card outlined outlined--light soft-sides-@lap-and-up push-bottom">
      <div
        className="card__item soft-double">
        <h4
          className=" push-bottom one-whole text-center text-dark-secondary">
          Looking for another group?
        </h4>
        <div
          className="text-center one-whole">
          <Link
            className="flush-bottom push-half-bottom@handheld btn--dark-tertiary"
            onlyActiveOnIndex={false}
            style={Object {}}
            to="/groups/finder">
            Find A Group
          </Link>
        </div>
      </div>
    </div>
  </section>
</section>
`;

exports[`test renders without campus 1`] = `
<section
  className="background--light-secondary hard">
  <Meta
    description="test description"
    id="1"
    image="http://test.com/test.jpg"
    title="test group" />
  <div
    className="ratio--landscape background--fill"
    style={
      Object {
        "backgroundImage": "url(\'http://test.com/test.jpg\')",
        "overflow": "visible",
        "zIndex": 10,
      }
    }>
    <div
      className="ratio__item" />
  </div>
  <div
    className="push-double-sides@lap-wide-and-up push-half-sides flush-ends card outlined outlined--light"
    style={
      Object {
        "borderRadius": "0 0 6px 6px",
      }
    }>
    <div
      className="card__item soft">
      <h3
        className="text-dark-primary push-half-top push-bottom">
        test group
      </h3>
      <h7
        className="text-dark-secondary">
        <small>
          Group Leaders
        </small>
      </h7>
      <h5
        className="text-dark-secondary soft-half-top">
        <span>
          jim bob, 
        </span>
        <span>
          tom bob
        </span>
      </h5>
      <div
        className="ratio--square round display-inline-block push-right background--fill"
        style={
          Object {
            "backgroundImage": "url(\'http://test.com/jim.jpg\')",
            "height": "80px",
            "width": "80px",
          }
        }>
        <div
          className="ratio__item" />
      </div>
      <div
        className="ratio--square round display-inline-block push-right background--fill"
        style={
          Object {
            "backgroundImage": "url(\'http://test.com/tom.jpg\')",
            "height": "80px",
            "width": "80px",
          }
        }>
        <div
          className="ratio__item" />
      </div>
    </div>
  </div>
  <section
    className="soft-double-sides@lap-wide-and-up soft-half-sides soft-half-ends flush-sides">
    <div
      className="card outlined outlined--light soft-sides-@lap-and-up">
      <div
        className="grid card__item soft push-half flush">
        <h4
          className="flush-bottom hard-left push-bottom@handheld push-bottom@lap push-half-top grid__item one-half@lap-wide-and-up one-whole text-center@handheld text-center@lap text-dark-primary">
          #TheseAreMyPeople
        </h4>
        <div
          className="grid__item hard-left text-right@lap-wide-and-up text-center one-whole one-half@lap-wide-and-up">
          <button
            className="flush-bottom push-half-bottom@handheld btn"
            onClick={[Function]}>
            Contact
          </button>
        </div>
      </div>
    </div>
    <div
      className="card outlined outlined--light hard one-whole">
      <div
        className="card__item push-half-top@handheld">
        <div
          className="soft-left@lap-wide-and-up soft soft-double-bottom">
          <h5
            className="soft-half-ends">
            Group Details
          </h5>
          <div
            className="soft-bottom">
            <h7
              className="text-dark-secondary">
              Time
            </h7>
            <h6
              className="text-dark-secondary soft-half-top flush-bottom">
              schedule description
            </h6>
          </div>
          <div
            className="soft-bottom">
            <h7
              className="text-dark-secondary">
              Address
            </h7>
            <h6
              className="text-dark-secondary soft-half-top flush-bottom">
              anderson
              , 
              sc
            </h6>
          </div>
          <div
            className="soft-bottom">
            <h7
              className="text-dark-secondary">
              Campus
            </h7>
            <h6
              className="text-dark-secondary soft-half-top flush-bottom">
              anderson
            </h6>
          </div>
          <div>
            <h7
              className="text-dark-secondary">
              Information
            </h7>
            <h6
              className="text-dark-secondary soft-half-top flush-bottom">
              Children Welcome
              , 1 - 2
            </h6>
          </div>
        </div>
      </div>
    </div>
    <div
      className="card outlined outlined--light hard one-whole">
      <div
        className="card__item push-half-top@handheld">
        <div
          className="soft-left@lap-wide-and-up soft soft-bottom">
          <h5
            className="soft-half-ends">
            More Information
          </h5>
          <div
            className="soft-double-bottom@lap-wide-and-up soft-bottom">
            <h7
              className="text-dark-secondary">
              Description
            </h7>
            <p
              className="soft-half-top flush-bottom">
              <span>
                test description
                <br />
              </span>
            </p>
          </div>
          <div
            className="soft-double-bottom@lap-wide-and-up soft-bottom">
            <h7
              className="text-dark-secondary">
              Members
            </h7>
            <div
              className="soft-half-top flush-bottom">
              <div
                className="ratio--square round display-inline-block push-half-right background--fill"
                style={
                  Object {
                    "backgroundImage": "url(\'http://test.com/person.jpg\')",
                    "height": "40px",
                    "width": "40px",
                  }
                }>
                <div
                  className="ratio__item" />
              </div>
              <div
                className="ratio--square round display-inline-block push-half-right background--fill"
                style={
                  Object {
                    "backgroundImage": "url(\'http://test.com/person.jpg\')",
                    "height": "40px",
                    "width": "40px",
                  }
                }>
                <div
                  className="ratio__item" />
              </div>
            </div>
          </div>
          <div>
            <h7
              className="text-dark-secondary">
              Tags
            </h7>
            <div
              className="soft-half-top flush-bottom">
              <span
                className="tag push-half-right" />
              <span
                className="tag push-half-right" />
              <span
                className="tag push-half-right">
                test
              </span>
              <span
                className="tag push-half-right">
                kid friendly
              </span>
              <span
                className="tag push-half-right">
                test
              </span>
            </div>
          </div>
        </div>
      </div>
    </div>
    <div
      className="card outlined outlined--light soft-sides-@lap-and-up push-bottom">
      <div
        className="card__item soft-double">
        <h4
          className=" push-bottom one-whole text-center text-dark-secondary">
          Looking for another group?
        </h4>
        <div
          className="text-center one-whole">
          <Link
            className="flush-bottom push-half-bottom@handheld btn--dark-tertiary"
            onlyActiveOnIndex={false}
            style={Object {}}
            to="/groups/finder">
            Find A Group
          </Link>
        </div>
      </div>
    </div>
  </section>
</section>
`;

exports[`test renders without group locations 1`] = `
<section
  className="background--light-secondary hard">
  <Meta
    description="test description"
    id="1"
    image="http://test.com/test.jpg"
    title="test group" />
  <div
    className="ratio--landscape background--fill"
    style={
      Object {
        "backgroundImage": "url(\'http://test.com/test.jpg\')",
        "overflow": "visible",
        "zIndex": 10,
      }
    }>
    <div
      className="ratio__item" />
  </div>
  <div
    className="push-double-sides@lap-wide-and-up push-half-sides flush-ends card outlined outlined--light"
    style={
      Object {
        "borderRadius": "0 0 6px 6px",
      }
    }>
    <div
      className="card__item soft">
      <h3
        className="text-dark-primary push-half-top push-bottom">
        test group
      </h3>
      <h7
        className="text-dark-secondary">
        <small>
          Group Leaders
        </small>
      </h7>
      <h5
        className="text-dark-secondary soft-half-top">
        <span>
          jim bob, 
        </span>
        <span>
          tom bob
        </span>
      </h5>
      <div
        className="ratio--square round display-inline-block push-right background--fill"
        style={
          Object {
            "backgroundImage": "url(\'http://test.com/jim.jpg\')",
            "height": "80px",
            "width": "80px",
          }
        }>
        <div
          className="ratio__item" />
      </div>
      <div
        className="ratio--square round display-inline-block push-right background--fill"
        style={
          Object {
            "backgroundImage": "url(\'http://test.com/tom.jpg\')",
            "height": "80px",
            "width": "80px",
          }
        }>
        <div
          className="ratio__item" />
      </div>
    </div>
  </div>
  <section
    className="soft-double-sides@lap-wide-and-up soft-half-sides soft-half-ends flush-sides">
    <div
      className="card outlined outlined--light soft-sides-@lap-and-up">
      <div
        className="grid card__item soft push-half flush">
        <h4
          className="flush-bottom hard-left push-bottom@handheld push-bottom@lap push-half-top grid__item one-half@lap-wide-and-up one-whole text-center@handheld text-center@lap text-dark-primary">
          #TheseAreMyPeople
        </h4>
        <div
          className="grid__item hard-left text-right@lap-wide-and-up text-center one-whole one-half@lap-wide-and-up">
          <button
            className="flush-bottom push-half-bottom@handheld btn"
            onClick={[Function]}>
            Contact
          </button>
        </div>
      </div>
    </div>
    <div
      className="card outlined outlined--light hard one-whole">
      <div
        className="card__item push-half-top@handheld">
        <div
          className="soft-left@lap-wide-and-up soft soft-double-bottom">
          <h5
            className="soft-half-ends">
            Group Details
          </h5>
          <div
            className="soft-bottom">
            <h7
              className="text-dark-secondary">
              Time
            </h7>
            <h6
              className="text-dark-secondary soft-half-top flush-bottom">
              schedule description
            </h6>
          </div>
          <div
            className="soft-bottom">
            <h7
              className="text-dark-secondary">
              Address
            </h7>
            <h6
              className="text-dark-secondary soft-half-top flush-bottom">
              anderson
              , 
              sc
            </h6>
          </div>
          <div
            className="soft-bottom">
            <h7
              className="text-dark-secondary">
              Campus
            </h7>
            <h6
              className="text-dark-secondary soft-half-top flush-bottom">
              anderson
            </h6>
          </div>
          <div>
            <h7
              className="text-dark-secondary">
              Information
            </h7>
            <h6
              className="text-dark-secondary soft-half-top flush-bottom">
              Children Welcome
              , 1 - 2
            </h6>
          </div>
        </div>
      </div>
    </div>
    <div
      className="card outlined outlined--light hard one-whole">
      <div
        className="card__item push-half-top@handheld">
        <div
          className="soft-left@lap-wide-and-up soft soft-bottom">
          <h5
            className="soft-half-ends">
            More Information
          </h5>
          <div
            className="soft-double-bottom@lap-wide-and-up soft-bottom">
            <h7
              className="text-dark-secondary">
              Description
            </h7>
            <p
              className="soft-half-top flush-bottom">
              <span>
                test description
                <br />
              </span>
            </p>
          </div>
          <div
            className="soft-double-bottom@lap-wide-and-up soft-bottom">
            <h7
              className="text-dark-secondary">
              Members
            </h7>
            <div
              className="soft-half-top flush-bottom">
              <div
                className="ratio--square round display-inline-block push-half-right background--fill"
                style={
                  Object {
                    "backgroundImage": "url(\'http://test.com/person.jpg\')",
                    "height": "40px",
                    "width": "40px",
                  }
                }>
                <div
                  className="ratio__item" />
              </div>
              <div
                className="ratio--square round display-inline-block push-half-right background--fill"
                style={
                  Object {
                    "backgroundImage": "url(\'http://test.com/person.jpg\')",
                    "height": "40px",
                    "width": "40px",
                  }
                }>
                <div
                  className="ratio__item" />
              </div>
            </div>
          </div>
          <div>
            <h7
              className="text-dark-secondary">
              Tags
            </h7>
            <div
              className="soft-half-top flush-bottom">
              <span
                className="tag push-half-right" />
              <span
                className="tag push-half-right" />
              <span
                className="tag push-half-right">
                test
              </span>
              <span
                className="tag push-half-right">
                kid friendly
              </span>
              <span
                className="tag push-half-right">
                test
              </span>
            </div>
          </div>
        </div>
      </div>
    </div>
    <div
      className="card outlined outlined--light soft-sides-@lap-and-up push-bottom">
      <div
        className="card__item soft-double">
        <h4
          className=" push-bottom one-whole text-center text-dark-secondary">
          Looking for another group?
        </h4>
        <div
          className="text-center one-whole">
          <Link
            className="flush-bottom push-half-bottom@handheld btn--dark-tertiary"
            onlyActiveOnIndex={false}
            style={Object {}}
            to="/groups/finder">
            Find A Group
          </Link>
        </div>
      </div>
    </div>
  </section>
</section>
`;

exports[`test renders without schedule 1`] = `
<section
  className="background--light-secondary hard">
  <Meta
    description="test description"
    id="1"
    image="http://test.com/test.jpg"
    title="test group" />
  <div
    className="ratio--landscape background--fill"
    style={
      Object {
        "backgroundImage": "url(\'http://test.com/test.jpg\')",
        "overflow": "visible",
        "zIndex": 10,
      }
    }>
    <div
      className="ratio__item" />
  </div>
  <div
    className="push-double-sides@lap-wide-and-up push-half-sides flush-ends card outlined outlined--light"
    style={
      Object {
        "borderRadius": "0 0 6px 6px",
      }
    }>
    <div
      className="card__item soft">
      <h3
        className="text-dark-primary push-half-top push-bottom">
        test group
      </h3>
      <h7
        className="text-dark-secondary">
        <small>
          Group Leaders
        </small>
      </h7>
      <h5
        className="text-dark-secondary soft-half-top">
        <span>
          jim bob, 
        </span>
        <span>
          tom bob
        </span>
      </h5>
      <div
        className="ratio--square round display-inline-block push-right background--fill"
        style={
          Object {
            "backgroundImage": "url(\'http://test.com/jim.jpg\')",
            "height": "80px",
            "width": "80px",
          }
        }>
        <div
          className="ratio__item" />
      </div>
      <div
        className="ratio--square round display-inline-block push-right background--fill"
        style={
          Object {
            "backgroundImage": "url(\'http://test.com/tom.jpg\')",
            "height": "80px",
            "width": "80px",
          }
        }>
        <div
          className="ratio__item" />
      </div>
    </div>
  </div>
  <section
    className="soft-double-sides@lap-wide-and-up soft-half-sides soft-half-ends flush-sides">
    <div
      className="card outlined outlined--light soft-sides-@lap-and-up">
      <div
        className="grid card__item soft push-half flush">
        <h4
          className="flush-bottom hard-left push-bottom@handheld push-bottom@lap push-half-top grid__item one-half@lap-wide-and-up one-whole text-center@handheld text-center@lap text-dark-primary">
          #TheseAreMyPeople
        </h4>
        <div
          className="grid__item hard-left text-right@lap-wide-and-up text-center one-whole one-half@lap-wide-and-up">
          <button
            className="flush-bottom push-half-bottom@handheld btn"
            onClick={[Function]}>
            Contact
          </button>
        </div>
      </div>
    </div>
    <div
      className="card outlined outlined--light hard one-whole">
      <div
        className="card__item push-half-top@handheld">
        <div
          className="soft-left@lap-wide-and-up soft soft-double-bottom">
          <h5
            className="soft-half-ends">
            Group Details
          </h5>
          <div
            className="soft-bottom">
            <h7
              className="text-dark-secondary">
              Time
            </h7>
            <h6
              className="text-dark-secondary soft-half-top flush-bottom">
              schedule description
            </h6>
          </div>
          <div
            className="soft-bottom">
            <h7
              className="text-dark-secondary">
              Address
            </h7>
            <h6
              className="text-dark-secondary soft-half-top flush-bottom">
              anderson
              , 
              sc
            </h6>
          </div>
          <div
            className="soft-bottom">
            <h7
              className="text-dark-secondary">
              Campus
            </h7>
            <h6
              className="text-dark-secondary soft-half-top flush-bottom">
              anderson
            </h6>
          </div>
          <div>
            <h7
              className="text-dark-secondary">
              Information
            </h7>
            <h6
              className="text-dark-secondary soft-half-top flush-bottom">
              Children Welcome
              , 1 - 2
            </h6>
          </div>
        </div>
      </div>
    </div>
    <div
      className="card outlined outlined--light hard one-whole">
      <div
        className="card__item push-half-top@handheld">
        <div
          className="soft-left@lap-wide-and-up soft soft-bottom">
          <h5
            className="soft-half-ends">
            More Information
          </h5>
          <div
            className="soft-double-bottom@lap-wide-and-up soft-bottom">
            <h7
              className="text-dark-secondary">
              Description
            </h7>
            <p
              className="soft-half-top flush-bottom">
              <span>
                test description
                <br />
              </span>
            </p>
          </div>
          <div
            className="soft-double-bottom@lap-wide-and-up soft-bottom">
            <h7
              className="text-dark-secondary">
              Members
            </h7>
            <div
              className="soft-half-top flush-bottom">
              <div
                className="ratio--square round display-inline-block push-half-right background--fill"
                style={
                  Object {
                    "backgroundImage": "url(\'http://test.com/person.jpg\')",
                    "height": "40px",
                    "width": "40px",
                  }
                }>
                <div
                  className="ratio__item" />
              </div>
              <div
                className="ratio--square round display-inline-block push-half-right background--fill"
                style={
                  Object {
                    "backgroundImage": "url(\'http://test.com/person.jpg\')",
                    "height": "40px",
                    "width": "40px",
                  }
                }>
                <div
                  className="ratio__item" />
              </div>
            </div>
          </div>
          <div>
            <h7
              className="text-dark-secondary">
              Tags
            </h7>
            <div
              className="soft-half-top flush-bottom">
              <span
                className="tag push-half-right" />
              <span
                className="tag push-half-right" />
              <span
                className="tag push-half-right">
                test
              </span>
              <span
                className="tag push-half-right">
                kid friendly
              </span>
              <span
                className="tag push-half-right">
                test
              </span>
            </div>
          </div>
        </div>
      </div>
    </div>
    <div
      className="card outlined outlined--light soft-sides-@lap-and-up push-bottom">
      <div
        className="card__item soft-double">
        <h4
          className=" push-bottom one-whole text-center text-dark-secondary">
          Looking for another group?
        </h4>
        <div
          className="text-center one-whole">
          <Link
            className="flush-bottom push-half-bottom@handheld btn--dark-tertiary"
            onlyActiveOnIndex={false}
            style={Object {}}
            to="/groups/finder">
            Find A Group
          </Link>
        </div>
      </div>
    </div>
  </section>
</section>
`;

exports[`test renders without schedule description 1`] = `
<section
  className="background--light-secondary hard">
  <Meta
    description="test description"
    id="1"
    image="http://test.com/test.jpg"
    title="test group" />
  <div
    className="ratio--landscape background--fill"
    style={
      Object {
        "backgroundImage": "url(\'http://test.com/test.jpg\')",
        "overflow": "visible",
        "zIndex": 10,
      }
    }>
    <div
      className="ratio__item" />
  </div>
  <div
    className="push-double-sides@lap-wide-and-up push-half-sides flush-ends card outlined outlined--light"
    style={
      Object {
        "borderRadius": "0 0 6px 6px",
      }
    }>
    <div
      className="card__item soft">
      <h3
        className="text-dark-primary push-half-top push-bottom">
        test group
      </h3>
      <h7
        className="text-dark-secondary">
        <small>
          Group Leaders
        </small>
      </h7>
      <h5
        className="text-dark-secondary soft-half-top">
        <span>
          jim bob, 
        </span>
        <span>
          tom bob
        </span>
      </h5>
      <div
        className="ratio--square round display-inline-block push-right background--fill"
        style={
          Object {
            "backgroundImage": "url(\'http://test.com/jim.jpg\')",
            "height": "80px",
            "width": "80px",
          }
        }>
        <div
          className="ratio__item" />
      </div>
      <div
        className="ratio--square round display-inline-block push-right background--fill"
        style={
          Object {
            "backgroundImage": "url(\'http://test.com/tom.jpg\')",
            "height": "80px",
            "width": "80px",
          }
        }>
        <div
          className="ratio__item" />
      </div>
    </div>
  </div>
  <section
    className="soft-double-sides@lap-wide-and-up soft-half-sides soft-half-ends flush-sides">
    <div
      className="card outlined outlined--light soft-sides-@lap-and-up">
      <div
        className="grid card__item soft push-half flush">
        <h4
          className="flush-bottom hard-left push-bottom@handheld push-bottom@lap push-half-top grid__item one-half@lap-wide-and-up one-whole text-center@handheld text-center@lap text-dark-primary">
          #TheseAreMyPeople
        </h4>
        <div
          className="grid__item hard-left text-right@lap-wide-and-up text-center one-whole one-half@lap-wide-and-up">
          <button
            className="flush-bottom push-half-bottom@handheld btn"
            onClick={[Function]}>
            Contact
          </button>
        </div>
      </div>
    </div>
    <div
      className="card outlined outlined--light hard one-whole">
      <div
        className="card__item push-half-top@handheld">
        <div
          className="soft-left@lap-wide-and-up soft soft-double-bottom">
          <h5
            className="soft-half-ends">
            Group Details
          </h5>
          <div
            className="soft-bottom">
            <h7
              className="text-dark-secondary">
              Time
            </h7>
            <h6
              className="text-dark-secondary soft-half-top flush-bottom">
              schedule description
            </h6>
          </div>
          <div
            className="soft-bottom">
            <h7
              className="text-dark-secondary">
              Address
            </h7>
            <h6
              className="text-dark-secondary soft-half-top flush-bottom">
              anderson
              , 
              sc
            </h6>
          </div>
          <div
            className="soft-bottom">
            <h7
              className="text-dark-secondary">
              Campus
            </h7>
            <h6
              className="text-dark-secondary soft-half-top flush-bottom">
              anderson
            </h6>
          </div>
          <div>
            <h7
              className="text-dark-secondary">
              Information
            </h7>
            <h6
              className="text-dark-secondary soft-half-top flush-bottom">
              Children Welcome
              , 1 - 2
            </h6>
          </div>
        </div>
      </div>
    </div>
    <div
      className="card outlined outlined--light hard one-whole">
      <div
        className="card__item push-half-top@handheld">
        <div
          className="soft-left@lap-wide-and-up soft soft-bottom">
          <h5
            className="soft-half-ends">
            More Information
          </h5>
          <div
            className="soft-double-bottom@lap-wide-and-up soft-bottom">
            <h7
              className="text-dark-secondary">
              Description
            </h7>
            <p
              className="soft-half-top flush-bottom">
              <span>
                test description
                <br />
              </span>
            </p>
          </div>
          <div
            className="soft-double-bottom@lap-wide-and-up soft-bottom">
            <h7
              className="text-dark-secondary">
              Members
            </h7>
            <div
              className="soft-half-top flush-bottom">
              <div
                className="ratio--square round display-inline-block push-half-right background--fill"
                style={
                  Object {
                    "backgroundImage": "url(\'http://test.com/person.jpg\')",
                    "height": "40px",
                    "width": "40px",
                  }
                }>
                <div
                  className="ratio__item" />
              </div>
              <div
                className="ratio--square round display-inline-block push-half-right background--fill"
                style={
                  Object {
                    "backgroundImage": "url(\'http://test.com/person.jpg\')",
                    "height": "40px",
                    "width": "40px",
                  }
                }>
                <div
                  className="ratio__item" />
              </div>
            </div>
          </div>
          <div>
            <h7
              className="text-dark-secondary">
              Tags
            </h7>
            <div
              className="soft-half-top flush-bottom">
              <span
                className="tag push-half-right" />
              <span
                className="tag push-half-right" />
              <span
                className="tag push-half-right">
                test
              </span>
              <span
                className="tag push-half-right">
                kid friendly
              </span>
              <span
                className="tag push-half-right">
                test
              </span>
            </div>
          </div>
        </div>
      </div>
    </div>
    <div
      className="card outlined outlined--light soft-sides-@lap-and-up push-bottom">
      <div
        className="card__item soft-double">
        <h4
          className=" push-bottom one-whole text-center text-dark-secondary">
          Looking for another group?
        </h4>
        <div
          className="text-center one-whole">
          <Link
            className="flush-bottom push-half-bottom@handheld btn--dark-tertiary"
            onlyActiveOnIndex={false}
            style={Object {}}
            to="/groups/finder">
            Find A Group
          </Link>
        </div>
      </div>
    </div>
  </section>
</section>
`;
