exports[`Svg Component should render a home svg 1`] = `
<svg
  height="24px"
  viewBox="0 0 24 24"
  width="24px"
  xmlns="http://www.w3.org/2000/svg"
  xmlnsXlink="http://www.w3.org/1999/xlink">
  <title />
  <defs>
    <path
      d="M10 20v-6h4v6h5v-8h3L12 3 2 12h3v8z"
      id="a" />
  </defs>
  <g
    fill="none"
    fillRule="evenodd">
    <path
      d="M0 0h24v24H0z" />
    <mask
      fill="#fff"
      id="b">
      <use
        xlinkHref="#a" />
    </mask>
    <use
      fill="#444"
      fillRule="nonzero"
      xlinkHref="#a" />
    <path
      d="M0 0h24v24H0z"
      fill="#1C683E"
      mask="url(#b)" />
  </g>
</svg>
`;
