exports[`Line Graph renders correctly with default props 1`] = `
<div
  className="">
  <VictoryChart
    animate={
      Object {
        "duration": 2000,
      }
    }
    containerComponent={
      <VictoryContainer
        desc=""
        portalComponent={
          <Portal
            groupComponent={<g />} />
        }
        responsive={true}
        title="Victory Chart" />
    }
    defaultAxes={
      Object {
        "dependent": <VictoryAxis
          axisComponent={
              <Line
                  type="axis" />
          }
          axisLabelComponent={
              <VictoryLabel
                  capHeight={0.71}
                  lineHeight={1} />
          }
          containerComponent={
              <VictoryContainer
                  desc=""
                  portalComponent={
                      <Portal
                          groupComponent={<g />} />
                  }
                  responsive={true}
                  title="Victory Chart" />
          }
          dependentAxis={true}
          fixLabelOverlap={false}
          gridComponent={
              <Line
                  type="grid" />
          }
          groupComponent={<g />}
          scale="linear"
          standalone={true}
          theme={
              Object {
                  "area": Object {
                    "colorScale": Array [
                      "#252525",
                      "#525252",
                      "#737373",
                      "#969696",
                      "#bdbdbd",
                      "#d9d9d9",
                      "#f0f0f0",
                    ],
                    "height": 300,
                    "padding": 50,
                    "style": Object {
                      "data": Object {
                        "fill": "#252525",
                      },
                      "labels": Object {
                        "fill": "#252525",
                        "fontFamily": "\'Gill Sans\', \'Gill Sans MT\', \'Ser­avek\', \'Trebuchet MS\', sans-serif",
                        "fontSize": 14,
                        "letterSpacing": "normal",
                        "padding": 10,
                        "stroke": "transparent",
                        "textAnchor": "middle",
                      },
                    },
                    "width": 450,
                  },
                  "axis": Object {
                    "colorScale": Array [
                      "#252525",
                      "#525252",
                      "#737373",
                      "#969696",
                      "#bdbdbd",
                      "#d9d9d9",
                      "#f0f0f0",
                    ],
                    "height": 300,
                    "padding": 50,
                    "style": Object {
                      "axis": Object {
                        "fill": "transparent",
                        "stroke": "#252525",
                        "strokeLinecap": "round",
                        "strokeLinejoin": "round",
                        "strokeWidth": 1,
                      },
                      "axisLabel": Object {
                        "fill": "#252525",
                        "fontFamily": "\'Gill Sans\', \'Gill Sans MT\', \'Ser­avek\', \'Trebuchet MS\', sans-serif",
                        "fontSize": 14,
                        "letterSpacing": "normal",
                        "padding": 25,
                        "stroke": "transparent",
                        "textAnchor": "middle",
                      },
                      "grid": Object {
                        "fill": "transparent",
                        "stroke": "transparent",
                      },
                      "tickLabels": Object {
                        "fill": "#252525",
                        "fontFamily": "\'Gill Sans\', \'Gill Sans MT\', \'Ser­avek\', \'Trebuchet MS\', sans-serif",
                        "fontSize": 14,
                        "letterSpacing": "normal",
                        "padding": 10,
                        "stroke": "transparent",
                      },
                      "ticks": Object {
                        "fill": "transparent",
                        "size": 1,
                        "stroke": "transparent",
                      },
                    },
                    "width": 450,
                  },
                  "bar": Object {
                    "colorScale": Array [
                      "#252525",
                      "#525252",
                      "#737373",
                      "#969696",
                      "#bdbdbd",
                      "#d9d9d9",
                      "#f0f0f0",
                    ],
                    "height": 300,
                    "padding": 50,
                    "style": Object {
                      "data": Object {
                        "fill": "#252525",
                        "padding": 10,
                        "stroke": "transparent",
                        "strokeWidth": 0,
                        "width": 8,
                      },
                      "labels": Object {
                        "fill": "#252525",
                        "fontFamily": "\'Gill Sans\', \'Gill Sans MT\', \'Ser­avek\', \'Trebuchet MS\', sans-serif",
                        "fontSize": 14,
                        "letterSpacing": "normal",
                        "padding": 10,
                        "stroke": "transparent",
                      },
                    },
                    "width": 450,
                  },
                  "candlestick": Object {
                    "candleColors": Object {
                      "negative": "#252525",
                      "positive": "#ffffff",
                    },
                    "colorScale": Array [
                      "#252525",
                      "#525252",
                      "#737373",
                      "#969696",
                      "#bdbdbd",
                      "#d9d9d9",
                      "#f0f0f0",
                    ],
                    "height": 300,
                    "padding": 50,
                    "style": Object {
                      "data": Object {
                        "stroke": "#252525",
                        "strokeWidth": 1,
                      },
                      "labels": Object {
                        "fill": "#252525",
                        "fontFamily": "\'Gill Sans\', \'Gill Sans MT\', \'Ser­avek\', \'Trebuchet MS\', sans-serif",
                        "fontSize": 14,
                        "letterSpacing": "normal",
                        "padding": 10,
                        "stroke": "transparent",
                        "textAnchor": "middle",
                      },
                    },
                    "width": 450,
                  },
                  "chart": Object {
                    "colorScale": Array [
                      "#252525",
                      "#525252",
                      "#737373",
                      "#969696",
                      "#bdbdbd",
                      "#d9d9d9",
                      "#f0f0f0",
                    ],
                    "height": 300,
                    "padding": 50,
                    "width": 450,
                  },
                  "errorbar": Object {
                    "colorScale": Array [
                      "#252525",
                      "#525252",
                      "#737373",
                      "#969696",
                      "#bdbdbd",
                      "#d9d9d9",
                      "#f0f0f0",
                    ],
                    "height": 300,
                    "padding": 50,
                    "style": Object {
                      "data": Object {
                        "fill": "transparent",
                        "stroke": "#252525",
                        "strokeWidth": 2,
                      },
                      "labels": Object {
                        "fill": "#252525",
                        "fontFamily": "\'Gill Sans\', \'Gill Sans MT\', \'Ser­avek\', \'Trebuchet MS\', sans-serif",
                        "fontSize": 14,
                        "letterSpacing": "normal",
                        "padding": 10,
                        "stroke": "transparent",
                        "textAnchor": "middle",
                      },
                    },
                    "width": 450,
                  },
                  "group": Object {
                    "colorScale": Array [
                      "#252525",
                      "#525252",
                      "#737373",
                      "#969696",
                      "#bdbdbd",
                      "#d9d9d9",
                      "#f0f0f0",
                    ],
                    "height": 300,
                    "padding": 50,
                    "width": 450,
                  },
                  "line": Object {
                    "colorScale": Array [
                      "#252525",
                      "#525252",
                      "#737373",
                      "#969696",
                      "#bdbdbd",
                      "#d9d9d9",
                      "#f0f0f0",
                    ],
                    "height": 300,
                    "padding": 50,
                    "style": Object {
                      "data": Object {
                        "fill": "transparent",
                        "stroke": "#252525",
                        "strokeWidth": 2,
                      },
                      "labels": Object {
                        "fill": "#252525",
                        "fontFamily": "\'Gill Sans\', \'Gill Sans MT\', \'Ser­avek\', \'Trebuchet MS\', sans-serif",
                        "fontSize": 14,
                        "letterSpacing": "normal",
                        "padding": 10,
                        "stroke": "transparent",
                        "textAnchor": "start",
                      },
                    },
                    "width": 450,
                  },
                  "pie": Object {
                    "colorScale": Array [
                      "#252525",
                      "#525252",
                      "#737373",
                      "#969696",
                      "#bdbdbd",
                      "#d9d9d9",
                      "#f0f0f0",
                    ],
                    "height": 400,
                    "padding": 50,
                    "style": Object {
                      "data": Object {
                        "padding": 10,
                        "stroke": "transparent",
                        "strokeWidth": 1,
                      },
                      "labels": Object {
                        "fill": "#252525",
                        "fontFamily": "\'Gill Sans\', \'Gill Sans MT\', \'Ser­avek\', \'Trebuchet MS\', sans-serif",
                        "fontSize": 14,
                        "letterSpacing": "normal",
                        "padding": 20,
                        "stroke": "transparent",
                      },
                    },
                    "width": 400,
                  },
                  "scatter": Object {
                    "colorScale": Array [
                      "#252525",
                      "#525252",
                      "#737373",
                      "#969696",
                      "#bdbdbd",
                      "#d9d9d9",
                      "#f0f0f0",
                    ],
                    "height": 300,
                    "padding": 50,
                    "style": Object {
                      "data": Object {
                        "fill": "#252525",
                        "stroke": "transparent",
                        "strokeWidth": 0,
                      },
                      "labels": Object {
                        "fill": "#252525",
                        "fontFamily": "\'Gill Sans\', \'Gill Sans MT\', \'Ser­avek\', \'Trebuchet MS\', sans-serif",
                        "fontSize": 14,
                        "letterSpacing": "normal",
                        "padding": 10,
                        "stroke": "transparent",
                        "textAnchor": "middle",
                      },
                    },
                    "width": 450,
                  },
                  "stack": Object {
                    "colorScale": Array [
                      "#252525",
                      "#525252",
                      "#737373",
                      "#969696",
                      "#bdbdbd",
                      "#d9d9d9",
                      "#f0f0f0",
                    ],
                    "height": 300,
                    "padding": 50,
                    "width": 450,
                  },
                  "tooltip": Object {
                    "colorScale": Array [
                      "#252525",
                      "#525252",
                      "#737373",
                      "#969696",
                      "#bdbdbd",
                      "#d9d9d9",
                      "#f0f0f0",
                    ],
                    "flyoutProps": Object {
                      "cornerRadius": 10,
                      "pointerLength": 10,
                    },
                    "height": 300,
                    "padding": 50,
                    "style": Object {
                      "data": Object {
                        "fill": "transparent",
                        "stroke": "transparent",
                        "strokeWidth": 0,
                      },
                      "flyout": Object {
                        "fill": "#f0f0f0",
                        "stroke": "#252525",
                        "strokeWidth": 1,
                      },
                      "labels": Object {
                        "fill": "#252525",
                        "fontFamily": "\'Gill Sans\', \'Gill Sans MT\', \'Ser­avek\', \'Trebuchet MS\', sans-serif",
                        "fontSize": 14,
                        "letterSpacing": "normal",
                        "padding": 10,
                        "stroke": "transparent",
                        "textAnchor": "middle",
                      },
                    },
                    "width": 450,
                  },
                  "voronoi": Object {
                    "colorScale": Array [
                      "#252525",
                      "#525252",
                      "#737373",
                      "#969696",
                      "#bdbdbd",
                      "#d9d9d9",
                      "#f0f0f0",
                    ],
                    "height": 300,
                    "padding": 50,
                    "style": Object {
                      "data": Object {
                        "fill": "transparent",
                        "stroke": "transparent",
                        "strokeWidth": 0,
                      },
                      "labels": Object {
                        "fill": "#252525",
                        "fontFamily": "\'Gill Sans\', \'Gill Sans MT\', \'Ser­avek\', \'Trebuchet MS\', sans-serif",
                        "fontSize": 14,
                        "letterSpacing": "normal",
                        "padding": 10,
                        "stroke": "transparent",
                        "textAnchor": "middle",
                      },
                    },
                    "width": 450,
                  },
                }
          }
          tickComponent={
              <Line
                  type="tick" />
          }
          tickCount={5}
          tickLabelComponent={
              <VictoryLabel
                  capHeight={0.71}
                  lineHeight={1} />
          } />,
        "independent": <VictoryAxis
          axisComponent={
              <Line
                  type="axis" />
          }
          axisLabelComponent={
              <VictoryLabel
                  capHeight={0.71}
                  lineHeight={1} />
          }
          containerComponent={
              <VictoryContainer
                  desc=""
                  portalComponent={
                      <Portal
                          groupComponent={<g />} />
                  }
                  responsive={true}
                  title="Victory Chart" />
          }
          fixLabelOverlap={false}
          gridComponent={
              <Line
                  type="grid" />
          }
          groupComponent={<g />}
          scale="linear"
          standalone={true}
          theme={
              Object {
                  "area": Object {
                    "colorScale": Array [
                      "#252525",
                      "#525252",
                      "#737373",
                      "#969696",
                      "#bdbdbd",
                      "#d9d9d9",
                      "#f0f0f0",
                    ],
                    "height": 300,
                    "padding": 50,
                    "style": Object {
                      "data": Object {
                        "fill": "#252525",
                      },
                      "labels": Object {
                        "fill": "#252525",
                        "fontFamily": "\'Gill Sans\', \'Gill Sans MT\', \'Ser­avek\', \'Trebuchet MS\', sans-serif",
                        "fontSize": 14,
                        "letterSpacing": "normal",
                        "padding": 10,
                        "stroke": "transparent",
                        "textAnchor": "middle",
                      },
                    },
                    "width": 450,
                  },
                  "axis": Object {
                    "colorScale": Array [
                      "#252525",
                      "#525252",
                      "#737373",
                      "#969696",
                      "#bdbdbd",
                      "#d9d9d9",
                      "#f0f0f0",
                    ],
                    "height": 300,
                    "padding": 50,
                    "style": Object {
                      "axis": Object {
                        "fill": "transparent",
                        "stroke": "#252525",
                        "strokeLinecap": "round",
                        "strokeLinejoin": "round",
                        "strokeWidth": 1,
                      },
                      "axisLabel": Object {
                        "fill": "#252525",
                        "fontFamily": "\'Gill Sans\', \'Gill Sans MT\', \'Ser­avek\', \'Trebuchet MS\', sans-serif",
                        "fontSize": 14,
                        "letterSpacing": "normal",
                        "padding": 25,
                        "stroke": "transparent",
                        "textAnchor": "middle",
                      },
                      "grid": Object {
                        "fill": "transparent",
                        "stroke": "transparent",
                      },
                      "tickLabels": Object {
                        "fill": "#252525",
                        "fontFamily": "\'Gill Sans\', \'Gill Sans MT\', \'Ser­avek\', \'Trebuchet MS\', sans-serif",
                        "fontSize": 14,
                        "letterSpacing": "normal",
                        "padding": 10,
                        "stroke": "transparent",
                      },
                      "ticks": Object {
                        "fill": "transparent",
                        "size": 1,
                        "stroke": "transparent",
                      },
                    },
                    "width": 450,
                  },
                  "bar": Object {
                    "colorScale": Array [
                      "#252525",
                      "#525252",
                      "#737373",
                      "#969696",
                      "#bdbdbd",
                      "#d9d9d9",
                      "#f0f0f0",
                    ],
                    "height": 300,
                    "padding": 50,
                    "style": Object {
                      "data": Object {
                        "fill": "#252525",
                        "padding": 10,
                        "stroke": "transparent",
                        "strokeWidth": 0,
                        "width": 8,
                      },
                      "labels": Object {
                        "fill": "#252525",
                        "fontFamily": "\'Gill Sans\', \'Gill Sans MT\', \'Ser­avek\', \'Trebuchet MS\', sans-serif",
                        "fontSize": 14,
                        "letterSpacing": "normal",
                        "padding": 10,
                        "stroke": "transparent",
                      },
                    },
                    "width": 450,
                  },
                  "candlestick": Object {
                    "candleColors": Object {
                      "negative": "#252525",
                      "positive": "#ffffff",
                    },
                    "colorScale": Array [
                      "#252525",
                      "#525252",
                      "#737373",
                      "#969696",
                      "#bdbdbd",
                      "#d9d9d9",
                      "#f0f0f0",
                    ],
                    "height": 300,
                    "padding": 50,
                    "style": Object {
                      "data": Object {
                        "stroke": "#252525",
                        "strokeWidth": 1,
                      },
                      "labels": Object {
                        "fill": "#252525",
                        "fontFamily": "\'Gill Sans\', \'Gill Sans MT\', \'Ser­avek\', \'Trebuchet MS\', sans-serif",
                        "fontSize": 14,
                        "letterSpacing": "normal",
                        "padding": 10,
                        "stroke": "transparent",
                        "textAnchor": "middle",
                      },
                    },
                    "width": 450,
                  },
                  "chart": Object {
                    "colorScale": Array [
                      "#252525",
                      "#525252",
                      "#737373",
                      "#969696",
                      "#bdbdbd",
                      "#d9d9d9",
                      "#f0f0f0",
                    ],
                    "height": 300,
                    "padding": 50,
                    "width": 450,
                  },
                  "errorbar": Object {
                    "colorScale": Array [
                      "#252525",
                      "#525252",
                      "#737373",
                      "#969696",
                      "#bdbdbd",
                      "#d9d9d9",
                      "#f0f0f0",
                    ],
                    "height": 300,
                    "padding": 50,
                    "style": Object {
                      "data": Object {
                        "fill": "transparent",
                        "stroke": "#252525",
                        "strokeWidth": 2,
                      },
                      "labels": Object {
                        "fill": "#252525",
                        "fontFamily": "\'Gill Sans\', \'Gill Sans MT\', \'Ser­avek\', \'Trebuchet MS\', sans-serif",
                        "fontSize": 14,
                        "letterSpacing": "normal",
                        "padding": 10,
                        "stroke": "transparent",
                        "textAnchor": "middle",
                      },
                    },
                    "width": 450,
                  },
                  "group": Object {
                    "colorScale": Array [
                      "#252525",
                      "#525252",
                      "#737373",
                      "#969696",
                      "#bdbdbd",
                      "#d9d9d9",
                      "#f0f0f0",
                    ],
                    "height": 300,
                    "padding": 50,
                    "width": 450,
                  },
                  "line": Object {
                    "colorScale": Array [
                      "#252525",
                      "#525252",
                      "#737373",
                      "#969696",
                      "#bdbdbd",
                      "#d9d9d9",
                      "#f0f0f0",
                    ],
                    "height": 300,
                    "padding": 50,
                    "style": Object {
                      "data": Object {
                        "fill": "transparent",
                        "stroke": "#252525",
                        "strokeWidth": 2,
                      },
                      "labels": Object {
                        "fill": "#252525",
                        "fontFamily": "\'Gill Sans\', \'Gill Sans MT\', \'Ser­avek\', \'Trebuchet MS\', sans-serif",
                        "fontSize": 14,
                        "letterSpacing": "normal",
                        "padding": 10,
                        "stroke": "transparent",
                        "textAnchor": "start",
                      },
                    },
                    "width": 450,
                  },
                  "pie": Object {
                    "colorScale": Array [
                      "#252525",
                      "#525252",
                      "#737373",
                      "#969696",
                      "#bdbdbd",
                      "#d9d9d9",
                      "#f0f0f0",
                    ],
                    "height": 400,
                    "padding": 50,
                    "style": Object {
                      "data": Object {
                        "padding": 10,
                        "stroke": "transparent",
                        "strokeWidth": 1,
                      },
                      "labels": Object {
                        "fill": "#252525",
                        "fontFamily": "\'Gill Sans\', \'Gill Sans MT\', \'Ser­avek\', \'Trebuchet MS\', sans-serif",
                        "fontSize": 14,
                        "letterSpacing": "normal",
                        "padding": 20,
                        "stroke": "transparent",
                      },
                    },
                    "width": 400,
                  },
                  "scatter": Object {
                    "colorScale": Array [
                      "#252525",
                      "#525252",
                      "#737373",
                      "#969696",
                      "#bdbdbd",
                      "#d9d9d9",
                      "#f0f0f0",
                    ],
                    "height": 300,
                    "padding": 50,
                    "style": Object {
                      "data": Object {
                        "fill": "#252525",
                        "stroke": "transparent",
                        "strokeWidth": 0,
                      },
                      "labels": Object {
                        "fill": "#252525",
                        "fontFamily": "\'Gill Sans\', \'Gill Sans MT\', \'Ser­avek\', \'Trebuchet MS\', sans-serif",
                        "fontSize": 14,
                        "letterSpacing": "normal",
                        "padding": 10,
                        "stroke": "transparent",
                        "textAnchor": "middle",
                      },
                    },
                    "width": 450,
                  },
                  "stack": Object {
                    "colorScale": Array [
                      "#252525",
                      "#525252",
                      "#737373",
                      "#969696",
                      "#bdbdbd",
                      "#d9d9d9",
                      "#f0f0f0",
                    ],
                    "height": 300,
                    "padding": 50,
                    "width": 450,
                  },
                  "tooltip": Object {
                    "colorScale": Array [
                      "#252525",
                      "#525252",
                      "#737373",
                      "#969696",
                      "#bdbdbd",
                      "#d9d9d9",
                      "#f0f0f0",
                    ],
                    "flyoutProps": Object {
                      "cornerRadius": 10,
                      "pointerLength": 10,
                    },
                    "height": 300,
                    "padding": 50,
                    "style": Object {
                      "data": Object {
                        "fill": "transparent",
                        "stroke": "transparent",
                        "strokeWidth": 0,
                      },
                      "flyout": Object {
                        "fill": "#f0f0f0",
                        "stroke": "#252525",
                        "strokeWidth": 1,
                      },
                      "labels": Object {
                        "fill": "#252525",
                        "fontFamily": "\'Gill Sans\', \'Gill Sans MT\', \'Ser­avek\', \'Trebuchet MS\', sans-serif",
                        "fontSize": 14,
                        "letterSpacing": "normal",
                        "padding": 10,
                        "stroke": "transparent",
                        "textAnchor": "middle",
                      },
                    },
                    "width": 450,
                  },
                  "voronoi": Object {
                    "colorScale": Array [
                      "#252525",
                      "#525252",
                      "#737373",
                      "#969696",
                      "#bdbdbd",
                      "#d9d9d9",
                      "#f0f0f0",
                    ],
                    "height": 300,
                    "padding": 50,
                    "style": Object {
                      "data": Object {
                        "fill": "transparent",
                        "stroke": "transparent",
                        "strokeWidth": 0,
                      },
                      "labels": Object {
                        "fill": "#252525",
                        "fontFamily": "\'Gill Sans\', \'Gill Sans MT\', \'Ser­avek\', \'Trebuchet MS\', sans-serif",
                        "fontSize": 14,
                        "letterSpacing": "normal",
                        "padding": 10,
                        "stroke": "transparent",
                        "textAnchor": "middle",
                      },
                    },
                    "width": 450,
                  },
                }
          }
          tickComponent={
              <Line
                  type="tick" />
          }
          tickCount={5}
          tickLabelComponent={
              <VictoryLabel
                  capHeight={0.71}
                  lineHeight={1} />
          } />,
      }
    }
    domainPadding={
      Object {
        "y": Array [
          100,
          100,
        ],
      }
    }
    groupComponent={<g />}
    padding={
      Object {
        "bottom": 50,
        "left": 10,
        "right": 10,
        "top": 5,
      }
    }
    standalone={true}
    theme={
      Object {
        "area": Object {
          "colorScale": Array [
            "#252525",
            "#525252",
            "#737373",
            "#969696",
            "#bdbdbd",
            "#d9d9d9",
            "#f0f0f0",
          ],
          "height": 300,
          "padding": 50,
          "style": Object {
            "data": Object {
              "fill": "#252525",
            },
            "labels": Object {
              "fill": "#252525",
              "fontFamily": "\'Gill Sans\', \'Gill Sans MT\', \'Ser­avek\', \'Trebuchet MS\', sans-serif",
              "fontSize": 14,
              "letterSpacing": "normal",
              "padding": 10,
              "stroke": "transparent",
              "textAnchor": "middle",
            },
          },
          "width": 450,
        },
        "axis": Object {
          "colorScale": Array [
            "#252525",
            "#525252",
            "#737373",
            "#969696",
            "#bdbdbd",
            "#d9d9d9",
            "#f0f0f0",
          ],
          "height": 300,
          "padding": 50,
          "style": Object {
            "axis": Object {
              "fill": "transparent",
              "stroke": "#252525",
              "strokeLinecap": "round",
              "strokeLinejoin": "round",
              "strokeWidth": 1,
            },
            "axisLabel": Object {
              "fill": "#252525",
              "fontFamily": "\'Gill Sans\', \'Gill Sans MT\', \'Ser­avek\', \'Trebuchet MS\', sans-serif",
              "fontSize": 14,
              "letterSpacing": "normal",
              "padding": 25,
              "stroke": "transparent",
              "textAnchor": "middle",
            },
            "grid": Object {
              "fill": "transparent",
              "stroke": "transparent",
            },
            "tickLabels": Object {
              "fill": "#252525",
              "fontFamily": "\'Gill Sans\', \'Gill Sans MT\', \'Ser­avek\', \'Trebuchet MS\', sans-serif",
              "fontSize": 14,
              "letterSpacing": "normal",
              "padding": 10,
              "stroke": "transparent",
            },
            "ticks": Object {
              "fill": "transparent",
              "size": 1,
              "stroke": "transparent",
            },
          },
          "width": 450,
        },
        "bar": Object {
          "colorScale": Array [
            "#252525",
            "#525252",
            "#737373",
            "#969696",
            "#bdbdbd",
            "#d9d9d9",
            "#f0f0f0",
          ],
          "height": 300,
          "padding": 50,
          "style": Object {
            "data": Object {
              "fill": "#252525",
              "padding": 10,
              "stroke": "transparent",
              "strokeWidth": 0,
              "width": 8,
            },
            "labels": Object {
              "fill": "#252525",
              "fontFamily": "\'Gill Sans\', \'Gill Sans MT\', \'Ser­avek\', \'Trebuchet MS\', sans-serif",
              "fontSize": 14,
              "letterSpacing": "normal",
              "padding": 10,
              "stroke": "transparent",
            },
          },
          "width": 450,
        },
        "candlestick": Object {
          "candleColors": Object {
            "negative": "#252525",
            "positive": "#ffffff",
          },
          "colorScale": Array [
            "#252525",
            "#525252",
            "#737373",
            "#969696",
            "#bdbdbd",
            "#d9d9d9",
            "#f0f0f0",
          ],
          "height": 300,
          "padding": 50,
          "style": Object {
            "data": Object {
              "stroke": "#252525",
              "strokeWidth": 1,
            },
            "labels": Object {
              "fill": "#252525",
              "fontFamily": "\'Gill Sans\', \'Gill Sans MT\', \'Ser­avek\', \'Trebuchet MS\', sans-serif",
              "fontSize": 14,
              "letterSpacing": "normal",
              "padding": 10,
              "stroke": "transparent",
              "textAnchor": "middle",
            },
          },
          "width": 450,
        },
        "chart": Object {
          "colorScale": Array [
            "#252525",
            "#525252",
            "#737373",
            "#969696",
            "#bdbdbd",
            "#d9d9d9",
            "#f0f0f0",
          ],
          "height": 300,
          "padding": 50,
          "width": 450,
        },
        "errorbar": Object {
          "colorScale": Array [
            "#252525",
            "#525252",
            "#737373",
            "#969696",
            "#bdbdbd",
            "#d9d9d9",
            "#f0f0f0",
          ],
          "height": 300,
          "padding": 50,
          "style": Object {
            "data": Object {
              "fill": "transparent",
              "stroke": "#252525",
              "strokeWidth": 2,
            },
            "labels": Object {
              "fill": "#252525",
              "fontFamily": "\'Gill Sans\', \'Gill Sans MT\', \'Ser­avek\', \'Trebuchet MS\', sans-serif",
              "fontSize": 14,
              "letterSpacing": "normal",
              "padding": 10,
              "stroke": "transparent",
              "textAnchor": "middle",
            },
          },
          "width": 450,
        },
        "group": Object {
          "colorScale": Array [
            "#252525",
            "#525252",
            "#737373",
            "#969696",
            "#bdbdbd",
            "#d9d9d9",
            "#f0f0f0",
          ],
          "height": 300,
          "padding": 50,
          "width": 450,
        },
        "line": Object {
          "colorScale": Array [
            "#252525",
            "#525252",
            "#737373",
            "#969696",
            "#bdbdbd",
            "#d9d9d9",
            "#f0f0f0",
          ],
          "height": 300,
          "padding": 50,
          "style": Object {
            "data": Object {
              "fill": "transparent",
              "stroke": "#252525",
              "strokeWidth": 2,
            },
            "labels": Object {
              "fill": "#252525",
              "fontFamily": "\'Gill Sans\', \'Gill Sans MT\', \'Ser­avek\', \'Trebuchet MS\', sans-serif",
              "fontSize": 14,
              "letterSpacing": "normal",
              "padding": 10,
              "stroke": "transparent",
              "textAnchor": "start",
            },
          },
          "width": 450,
        },
        "pie": Object {
          "colorScale": Array [
            "#252525",
            "#525252",
            "#737373",
            "#969696",
            "#bdbdbd",
            "#d9d9d9",
            "#f0f0f0",
          ],
          "height": 400,
          "padding": 50,
          "style": Object {
            "data": Object {
              "padding": 10,
              "stroke": "transparent",
              "strokeWidth": 1,
            },
            "labels": Object {
              "fill": "#252525",
              "fontFamily": "\'Gill Sans\', \'Gill Sans MT\', \'Ser­avek\', \'Trebuchet MS\', sans-serif",
              "fontSize": 14,
              "letterSpacing": "normal",
              "padding": 20,
              "stroke": "transparent",
            },
          },
          "width": 400,
        },
        "scatter": Object {
          "colorScale": Array [
            "#252525",
            "#525252",
            "#737373",
            "#969696",
            "#bdbdbd",
            "#d9d9d9",
            "#f0f0f0",
          ],
          "height": 300,
          "padding": 50,
          "style": Object {
            "data": Object {
              "fill": "#252525",
              "stroke": "transparent",
              "strokeWidth": 0,
            },
            "labels": Object {
              "fill": "#252525",
              "fontFamily": "\'Gill Sans\', \'Gill Sans MT\', \'Ser­avek\', \'Trebuchet MS\', sans-serif",
              "fontSize": 14,
              "letterSpacing": "normal",
              "padding": 10,
              "stroke": "transparent",
              "textAnchor": "middle",
            },
          },
          "width": 450,
        },
        "stack": Object {
          "colorScale": Array [
            "#252525",
            "#525252",
            "#737373",
            "#969696",
            "#bdbdbd",
            "#d9d9d9",
            "#f0f0f0",
          ],
          "height": 300,
          "padding": 50,
          "width": 450,
        },
        "tooltip": Object {
          "colorScale": Array [
            "#252525",
            "#525252",
            "#737373",
            "#969696",
            "#bdbdbd",
            "#d9d9d9",
            "#f0f0f0",
          ],
          "flyoutProps": Object {
            "cornerRadius": 10,
            "pointerLength": 10,
          },
          "height": 300,
          "padding": 50,
          "style": Object {
            "data": Object {
              "fill": "transparent",
              "stroke": "transparent",
              "strokeWidth": 0,
            },
            "flyout": Object {
              "fill": "#f0f0f0",
              "stroke": "#252525",
              "strokeWidth": 1,
            },
            "labels": Object {
              "fill": "#252525",
              "fontFamily": "\'Gill Sans\', \'Gill Sans MT\', \'Ser­avek\', \'Trebuchet MS\', sans-serif",
              "fontSize": 14,
              "letterSpacing": "normal",
              "padding": 10,
              "stroke": "transparent",
              "textAnchor": "middle",
            },
          },
          "width": 450,
        },
        "voronoi": Object {
          "colorScale": Array [
            "#252525",
            "#525252",
            "#737373",
            "#969696",
            "#bdbdbd",
            "#d9d9d9",
            "#f0f0f0",
          ],
          "height": 300,
          "padding": 50,
          "style": Object {
            "data": Object {
              "fill": "transparent",
              "stroke": "transparent",
              "strokeWidth": 0,
            },
            "labels": Object {
              "fill": "#252525",
              "fontFamily": "\'Gill Sans\', \'Gill Sans MT\', \'Ser­avek\', \'Trebuchet MS\', sans-serif",
              "fontSize": 14,
              "letterSpacing": "normal",
              "padding": 10,
              "stroke": "transparent",
              "textAnchor": "middle",
            },
          },
          "width": 450,
        },
      }
    }>
    <VictoryAxis
      axisComponent={
        <Line
          type="axis" />
      }
      axisLabelComponent={
        <VictoryLabel
          capHeight={0.71}
          lineHeight={1} />
      }
      containerComponent={
        <VictoryContainer
          desc=""
          portalComponent={
            <Portal
              groupComponent={<g />} />
          }
          responsive={true}
          title="Victory Chart" />
      }
      fixLabelOverlap={false}
      gridComponent={
        <Line
          type="grid" />
      }
      groupComponent={<g />}
      scale="linear"
      standalone={true}
      style={
        Object {
          "axis": Object {
            "stroke": "transparent",
            "strokeWidth": "0",
          },
          "tickLabels": Object {
            "fill": "#858585",
            "fontFamily": "colfax-web, sans-serif",
            "fontSize": "10",
            "padding": "5",
          },
        }
      }
      theme={
        Object {
          "area": Object {
            "colorScale": Array [
              "#252525",
              "#525252",
              "#737373",
              "#969696",
              "#bdbdbd",
              "#d9d9d9",
              "#f0f0f0",
            ],
            "height": 300,
            "padding": 50,
            "style": Object {
              "data": Object {
                "fill": "#252525",
              },
              "labels": Object {
                "fill": "#252525",
                "fontFamily": "\'Gill Sans\', \'Gill Sans MT\', \'Ser­avek\', \'Trebuchet MS\', sans-serif",
                "fontSize": 14,
                "letterSpacing": "normal",
                "padding": 10,
                "stroke": "transparent",
                "textAnchor": "middle",
              },
            },
            "width": 450,
          },
          "axis": Object {
            "colorScale": Array [
              "#252525",
              "#525252",
              "#737373",
              "#969696",
              "#bdbdbd",
              "#d9d9d9",
              "#f0f0f0",
            ],
            "height": 300,
            "padding": 50,
            "style": Object {
              "axis": Object {
                "fill": "transparent",
                "stroke": "#252525",
                "strokeLinecap": "round",
                "strokeLinejoin": "round",
                "strokeWidth": 1,
              },
              "axisLabel": Object {
                "fill": "#252525",
                "fontFamily": "\'Gill Sans\', \'Gill Sans MT\', \'Ser­avek\', \'Trebuchet MS\', sans-serif",
                "fontSize": 14,
                "letterSpacing": "normal",
                "padding": 25,
                "stroke": "transparent",
                "textAnchor": "middle",
              },
              "grid": Object {
                "fill": "transparent",
                "stroke": "transparent",
              },
              "tickLabels": Object {
                "fill": "#252525",
                "fontFamily": "\'Gill Sans\', \'Gill Sans MT\', \'Ser­avek\', \'Trebuchet MS\', sans-serif",
                "fontSize": 14,
                "letterSpacing": "normal",
                "padding": 10,
                "stroke": "transparent",
              },
              "ticks": Object {
                "fill": "transparent",
                "size": 1,
                "stroke": "transparent",
              },
            },
            "width": 450,
          },
          "bar": Object {
            "colorScale": Array [
              "#252525",
              "#525252",
              "#737373",
              "#969696",
              "#bdbdbd",
              "#d9d9d9",
              "#f0f0f0",
            ],
            "height": 300,
            "padding": 50,
            "style": Object {
              "data": Object {
                "fill": "#252525",
                "padding": 10,
                "stroke": "transparent",
                "strokeWidth": 0,
                "width": 8,
              },
              "labels": Object {
                "fill": "#252525",
                "fontFamily": "\'Gill Sans\', \'Gill Sans MT\', \'Ser­avek\', \'Trebuchet MS\', sans-serif",
                "fontSize": 14,
                "letterSpacing": "normal",
                "padding": 10,
                "stroke": "transparent",
              },
            },
            "width": 450,
          },
          "candlestick": Object {
            "candleColors": Object {
              "negative": "#252525",
              "positive": "#ffffff",
            },
            "colorScale": Array [
              "#252525",
              "#525252",
              "#737373",
              "#969696",
              "#bdbdbd",
              "#d9d9d9",
              "#f0f0f0",
            ],
            "height": 300,
            "padding": 50,
            "style": Object {
              "data": Object {
                "stroke": "#252525",
                "strokeWidth": 1,
              },
              "labels": Object {
                "fill": "#252525",
                "fontFamily": "\'Gill Sans\', \'Gill Sans MT\', \'Ser­avek\', \'Trebuchet MS\', sans-serif",
                "fontSize": 14,
                "letterSpacing": "normal",
                "padding": 10,
                "stroke": "transparent",
                "textAnchor": "middle",
              },
            },
            "width": 450,
          },
          "chart": Object {
            "colorScale": Array [
              "#252525",
              "#525252",
              "#737373",
              "#969696",
              "#bdbdbd",
              "#d9d9d9",
              "#f0f0f0",
            ],
            "height": 300,
            "padding": 50,
            "width": 450,
          },
          "errorbar": Object {
            "colorScale": Array [
              "#252525",
              "#525252",
              "#737373",
              "#969696",
              "#bdbdbd",
              "#d9d9d9",
              "#f0f0f0",
            ],
            "height": 300,
            "padding": 50,
            "style": Object {
              "data": Object {
                "fill": "transparent",
                "stroke": "#252525",
                "strokeWidth": 2,
              },
              "labels": Object {
                "fill": "#252525",
                "fontFamily": "\'Gill Sans\', \'Gill Sans MT\', \'Ser­avek\', \'Trebuchet MS\', sans-serif",
                "fontSize": 14,
                "letterSpacing": "normal",
                "padding": 10,
                "stroke": "transparent",
                "textAnchor": "middle",
              },
            },
            "width": 450,
          },
          "group": Object {
            "colorScale": Array [
              "#252525",
              "#525252",
              "#737373",
              "#969696",
              "#bdbdbd",
              "#d9d9d9",
              "#f0f0f0",
            ],
            "height": 300,
            "padding": 50,
            "width": 450,
          },
          "line": Object {
            "colorScale": Array [
              "#252525",
              "#525252",
              "#737373",
              "#969696",
              "#bdbdbd",
              "#d9d9d9",
              "#f0f0f0",
            ],
            "height": 300,
            "padding": 50,
            "style": Object {
              "data": Object {
                "fill": "transparent",
                "stroke": "#252525",
                "strokeWidth": 2,
              },
              "labels": Object {
                "fill": "#252525",
                "fontFamily": "\'Gill Sans\', \'Gill Sans MT\', \'Ser­avek\', \'Trebuchet MS\', sans-serif",
                "fontSize": 14,
                "letterSpacing": "normal",
                "padding": 10,
                "stroke": "transparent",
                "textAnchor": "start",
              },
            },
            "width": 450,
          },
          "pie": Object {
            "colorScale": Array [
              "#252525",
              "#525252",
              "#737373",
              "#969696",
              "#bdbdbd",
              "#d9d9d9",
              "#f0f0f0",
            ],
            "height": 400,
            "padding": 50,
            "style": Object {
              "data": Object {
                "padding": 10,
                "stroke": "transparent",
                "strokeWidth": 1,
              },
              "labels": Object {
                "fill": "#252525",
                "fontFamily": "\'Gill Sans\', \'Gill Sans MT\', \'Ser­avek\', \'Trebuchet MS\', sans-serif",
                "fontSize": 14,
                "letterSpacing": "normal",
                "padding": 20,
                "stroke": "transparent",
              },
            },
            "width": 400,
          },
          "scatter": Object {
            "colorScale": Array [
              "#252525",
              "#525252",
              "#737373",
              "#969696",
              "#bdbdbd",
              "#d9d9d9",
              "#f0f0f0",
            ],
            "height": 300,
            "padding": 50,
            "style": Object {
              "data": Object {
                "fill": "#252525",
                "stroke": "transparent",
                "strokeWidth": 0,
              },
              "labels": Object {
                "fill": "#252525",
                "fontFamily": "\'Gill Sans\', \'Gill Sans MT\', \'Ser­avek\', \'Trebuchet MS\', sans-serif",
                "fontSize": 14,
                "letterSpacing": "normal",
                "padding": 10,
                "stroke": "transparent",
                "textAnchor": "middle",
              },
            },
            "width": 450,
          },
          "stack": Object {
            "colorScale": Array [
              "#252525",
              "#525252",
              "#737373",
              "#969696",
              "#bdbdbd",
              "#d9d9d9",
              "#f0f0f0",
            ],
            "height": 300,
            "padding": 50,
            "width": 450,
          },
          "tooltip": Object {
            "colorScale": Array [
              "#252525",
              "#525252",
              "#737373",
              "#969696",
              "#bdbdbd",
              "#d9d9d9",
              "#f0f0f0",
            ],
            "flyoutProps": Object {
              "cornerRadius": 10,
              "pointerLength": 10,
            },
            "height": 300,
            "padding": 50,
            "style": Object {
              "data": Object {
                "fill": "transparent",
                "stroke": "transparent",
                "strokeWidth": 0,
              },
              "flyout": Object {
                "fill": "#f0f0f0",
                "stroke": "#252525",
                "strokeWidth": 1,
              },
              "labels": Object {
                "fill": "#252525",
                "fontFamily": "\'Gill Sans\', \'Gill Sans MT\', \'Ser­avek\', \'Trebuchet MS\', sans-serif",
                "fontSize": 14,
                "letterSpacing": "normal",
                "padding": 10,
                "stroke": "transparent",
                "textAnchor": "middle",
              },
            },
            "width": 450,
          },
          "voronoi": Object {
            "colorScale": Array [
              "#252525",
              "#525252",
              "#737373",
              "#969696",
              "#bdbdbd",
              "#d9d9d9",
              "#f0f0f0",
            ],
            "height": 300,
            "padding": 50,
            "style": Object {
              "data": Object {
                "fill": "transparent",
                "stroke": "transparent",
                "strokeWidth": 0,
              },
              "labels": Object {
                "fill": "#252525",
                "fontFamily": "\'Gill Sans\', \'Gill Sans MT\', \'Ser­avek\', \'Trebuchet MS\', sans-serif",
                "fontSize": 14,
                "letterSpacing": "normal",
                "padding": 10,
                "stroke": "transparent",
                "textAnchor": "middle",
              },
            },
            "width": 450,
          },
        }
      }
      tickComponent={
        <Line
          type="tick" />
      }
      tickCount={5}
      tickFormat={
        Array [
          "J",
          "F",
          "M",
          "A",
          "M",
          "J",
          "J",
          "A",
          "S",
          "O",
          "N",
          "D",
        ]
      }
      tickLabelComponent={
        <VictoryLabel
          capHeight={0.71}
          lineHeight={1} />
      } />
    <VictoryScatter
      containerComponent={
        <VictoryContainer
          desc=""
          portalComponent={
            <Portal
              groupComponent={<g />} />
          }
          responsive={true}
          title="Victory Chart" />
      }
      data={
        Array [
          Object {
            "amount": 10,
            "month": "January",
            "tick": "J",
          },
          Object {
            "amount": 20,
            "month": "February",
            "tick": "F",
          },
          Object {
            "amount": 30,
            "month": "March",
            "tick": "M",
          },
          Object {
            "amount": 40,
            "month": "April",
            "tick": "A",
          },
          Object {
            "amount": 50,
            "month": "May",
            "tick": "M",
          },
          Object {
            "amount": 60,
            "month": "June",
            "tick": "J",
          },
          Object {
            "amount": 70,
            "month": "July",
            "tick": "J",
          },
          Object {
            "amount": 80,
            "month": "August",
            "tick": "A",
          },
          Object {
            "amount": 90,
            "month": "September",
            "tick": "S",
          },
          Object {
            "amount": 100,
            "month": "October",
            "tick": "O",
          },
          Object {
            "amount": 110,
            "month": "November",
            "tick": "N",
          },
          Object {
            "amount": 120,
            "month": "December",
            "tick": "D",
          },
        ]
      }
      dataComponent={<Point />}
      groupComponent={<g />}
      labelComponent={
        <VictoryLabel
          capHeight={0.71}
          lineHeight={1} />
      }
      samples={50}
      scale="linear"
      size="5"
      standalone={true}
      style={
        Object {
          "data": Object {
            "fill": "#6BAC43",
          },
        }
      }
      theme={
        Object {
          "area": Object {
            "colorScale": Array [
              "#252525",
              "#525252",
              "#737373",
              "#969696",
              "#bdbdbd",
              "#d9d9d9",
              "#f0f0f0",
            ],
            "height": 300,
            "padding": 50,
            "style": Object {
              "data": Object {
                "fill": "#252525",
              },
              "labels": Object {
                "fill": "#252525",
                "fontFamily": "\'Gill Sans\', \'Gill Sans MT\', \'Ser­avek\', \'Trebuchet MS\', sans-serif",
                "fontSize": 14,
                "letterSpacing": "normal",
                "padding": 10,
                "stroke": "transparent",
                "textAnchor": "middle",
              },
            },
            "width": 450,
          },
          "axis": Object {
            "colorScale": Array [
              "#252525",
              "#525252",
              "#737373",
              "#969696",
              "#bdbdbd",
              "#d9d9d9",
              "#f0f0f0",
            ],
            "height": 300,
            "padding": 50,
            "style": Object {
              "axis": Object {
                "fill": "transparent",
                "stroke": "#252525",
                "strokeLinecap": "round",
                "strokeLinejoin": "round",
                "strokeWidth": 1,
              },
              "axisLabel": Object {
                "fill": "#252525",
                "fontFamily": "\'Gill Sans\', \'Gill Sans MT\', \'Ser­avek\', \'Trebuchet MS\', sans-serif",
                "fontSize": 14,
                "letterSpacing": "normal",
                "padding": 25,
                "stroke": "transparent",
                "textAnchor": "middle",
              },
              "grid": Object {
                "fill": "transparent",
                "stroke": "transparent",
              },
              "tickLabels": Object {
                "fill": "#252525",
                "fontFamily": "\'Gill Sans\', \'Gill Sans MT\', \'Ser­avek\', \'Trebuchet MS\', sans-serif",
                "fontSize": 14,
                "letterSpacing": "normal",
                "padding": 10,
                "stroke": "transparent",
              },
              "ticks": Object {
                "fill": "transparent",
                "size": 1,
                "stroke": "transparent",
              },
            },
            "width": 450,
          },
          "bar": Object {
            "colorScale": Array [
              "#252525",
              "#525252",
              "#737373",
              "#969696",
              "#bdbdbd",
              "#d9d9d9",
              "#f0f0f0",
            ],
            "height": 300,
            "padding": 50,
            "style": Object {
              "data": Object {
                "fill": "#252525",
                "padding": 10,
                "stroke": "transparent",
                "strokeWidth": 0,
                "width": 8,
              },
              "labels": Object {
                "fill": "#252525",
                "fontFamily": "\'Gill Sans\', \'Gill Sans MT\', \'Ser­avek\', \'Trebuchet MS\', sans-serif",
                "fontSize": 14,
                "letterSpacing": "normal",
                "padding": 10,
                "stroke": "transparent",
              },
            },
            "width": 450,
          },
          "candlestick": Object {
            "candleColors": Object {
              "negative": "#252525",
              "positive": "#ffffff",
            },
            "colorScale": Array [
              "#252525",
              "#525252",
              "#737373",
              "#969696",
              "#bdbdbd",
              "#d9d9d9",
              "#f0f0f0",
            ],
            "height": 300,
            "padding": 50,
            "style": Object {
              "data": Object {
                "stroke": "#252525",
                "strokeWidth": 1,
              },
              "labels": Object {
                "fill": "#252525",
                "fontFamily": "\'Gill Sans\', \'Gill Sans MT\', \'Ser­avek\', \'Trebuchet MS\', sans-serif",
                "fontSize": 14,
                "letterSpacing": "normal",
                "padding": 10,
                "stroke": "transparent",
                "textAnchor": "middle",
              },
            },
            "width": 450,
          },
          "chart": Object {
            "colorScale": Array [
              "#252525",
              "#525252",
              "#737373",
              "#969696",
              "#bdbdbd",
              "#d9d9d9",
              "#f0f0f0",
            ],
            "height": 300,
            "padding": 50,
            "width": 450,
          },
          "errorbar": Object {
            "colorScale": Array [
              "#252525",
              "#525252",
              "#737373",
              "#969696",
              "#bdbdbd",
              "#d9d9d9",
              "#f0f0f0",
            ],
            "height": 300,
            "padding": 50,
            "style": Object {
              "data": Object {
                "fill": "transparent",
                "stroke": "#252525",
                "strokeWidth": 2,
              },
              "labels": Object {
                "fill": "#252525",
                "fontFamily": "\'Gill Sans\', \'Gill Sans MT\', \'Ser­avek\', \'Trebuchet MS\', sans-serif",
                "fontSize": 14,
                "letterSpacing": "normal",
                "padding": 10,
                "stroke": "transparent",
                "textAnchor": "middle",
              },
            },
            "width": 450,
          },
          "group": Object {
            "colorScale": Array [
              "#252525",
              "#525252",
              "#737373",
              "#969696",
              "#bdbdbd",
              "#d9d9d9",
              "#f0f0f0",
            ],
            "height": 300,
            "padding": 50,
            "width": 450,
          },
          "line": Object {
            "colorScale": Array [
              "#252525",
              "#525252",
              "#737373",
              "#969696",
              "#bdbdbd",
              "#d9d9d9",
              "#f0f0f0",
            ],
            "height": 300,
            "padding": 50,
            "style": Object {
              "data": Object {
                "fill": "transparent",
                "stroke": "#252525",
                "strokeWidth": 2,
              },
              "labels": Object {
                "fill": "#252525",
                "fontFamily": "\'Gill Sans\', \'Gill Sans MT\', \'Ser­avek\', \'Trebuchet MS\', sans-serif",
                "fontSize": 14,
                "letterSpacing": "normal",
                "padding": 10,
                "stroke": "transparent",
                "textAnchor": "start",
              },
            },
            "width": 450,
          },
          "pie": Object {
            "colorScale": Array [
              "#252525",
              "#525252",
              "#737373",
              "#969696",
              "#bdbdbd",
              "#d9d9d9",
              "#f0f0f0",
            ],
            "height": 400,
            "padding": 50,
            "style": Object {
              "data": Object {
                "padding": 10,
                "stroke": "transparent",
                "strokeWidth": 1,
              },
              "labels": Object {
                "fill": "#252525",
                "fontFamily": "\'Gill Sans\', \'Gill Sans MT\', \'Ser­avek\', \'Trebuchet MS\', sans-serif",
                "fontSize": 14,
                "letterSpacing": "normal",
                "padding": 20,
                "stroke": "transparent",
              },
            },
            "width": 400,
          },
          "scatter": Object {
            "colorScale": Array [
              "#252525",
              "#525252",
              "#737373",
              "#969696",
              "#bdbdbd",
              "#d9d9d9",
              "#f0f0f0",
            ],
            "height": 300,
            "padding": 50,
            "style": Object {
              "data": Object {
                "fill": "#252525",
                "stroke": "transparent",
                "strokeWidth": 0,
              },
              "labels": Object {
                "fill": "#252525",
                "fontFamily": "\'Gill Sans\', \'Gill Sans MT\', \'Ser­avek\', \'Trebuchet MS\', sans-serif",
                "fontSize": 14,
                "letterSpacing": "normal",
                "padding": 10,
                "stroke": "transparent",
                "textAnchor": "middle",
              },
            },
            "width": 450,
          },
          "stack": Object {
            "colorScale": Array [
              "#252525",
              "#525252",
              "#737373",
              "#969696",
              "#bdbdbd",
              "#d9d9d9",
              "#f0f0f0",
            ],
            "height": 300,
            "padding": 50,
            "width": 450,
          },
          "tooltip": Object {
            "colorScale": Array [
              "#252525",
              "#525252",
              "#737373",
              "#969696",
              "#bdbdbd",
              "#d9d9d9",
              "#f0f0f0",
            ],
            "flyoutProps": Object {
              "cornerRadius": 10,
              "pointerLength": 10,
            },
            "height": 300,
            "padding": 50,
            "style": Object {
              "data": Object {
                "fill": "transparent",
                "stroke": "transparent",
                "strokeWidth": 0,
              },
              "flyout": Object {
                "fill": "#f0f0f0",
                "stroke": "#252525",
                "strokeWidth": 1,
              },
              "labels": Object {
                "fill": "#252525",
                "fontFamily": "\'Gill Sans\', \'Gill Sans MT\', \'Ser­avek\', \'Trebuchet MS\', sans-serif",
                "fontSize": 14,
                "letterSpacing": "normal",
                "padding": 10,
                "stroke": "transparent",
                "textAnchor": "middle",
              },
            },
            "width": 450,
          },
          "voronoi": Object {
            "colorScale": Array [
              "#252525",
              "#525252",
              "#737373",
              "#969696",
              "#bdbdbd",
              "#d9d9d9",
              "#f0f0f0",
            ],
            "height": 300,
            "padding": 50,
            "style": Object {
              "data": Object {
                "fill": "transparent",
                "stroke": "transparent",
                "strokeWidth": 0,
              },
              "labels": Object {
                "fill": "#252525",
                "fontFamily": "\'Gill Sans\', \'Gill Sans MT\', \'Ser­avek\', \'Trebuchet MS\', sans-serif",
                "fontSize": 14,
                "letterSpacing": "normal",
                "padding": 10,
                "stroke": "transparent",
                "textAnchor": "middle",
              },
            },
            "width": 450,
          },
        }
      }
      x="month"
      y="amount" />
    <VictoryLine
      containerComponent={
        <VictoryContainer
          desc=""
          portalComponent={
            <Portal
              groupComponent={<g />} />
          }
          responsive={true}
          title="Victory Chart" />
      }
      data={
        Array [
          Object {
            "amount": 10,
            "month": "January",
            "tick": "J",
          },
          Object {
            "amount": 20,
            "month": "February",
            "tick": "F",
          },
          Object {
            "amount": 30,
            "month": "March",
            "tick": "M",
          },
          Object {
            "amount": 40,
            "month": "April",
            "tick": "A",
          },
          Object {
            "amount": 50,
            "month": "May",
            "tick": "M",
          },
          Object {
            "amount": 60,
            "month": "June",
            "tick": "J",
          },
          Object {
            "amount": 70,
            "month": "July",
            "tick": "J",
          },
          Object {
            "amount": 80,
            "month": "August",
            "tick": "A",
          },
          Object {
            "amount": 90,
            "month": "September",
            "tick": "S",
          },
          Object {
            "amount": 100,
            "month": "October",
            "tick": "O",
          },
          Object {
            "amount": 110,
            "month": "November",
            "tick": "N",
          },
          Object {
            "amount": 120,
            "month": "December",
            "tick": "D",
          },
        ]
      }
      dataComponent={<Curve />}
      groupComponent={
        <VictoryClipContainer
          clipPathComponent={
            <ClipPath
              clipPadding={
                Object {
                  "bottom": 5,
                  "left": 0,
                  "right": 0,
                  "top": 5,
                }
              }
              translateX={0} />
          } />
      }
      labelComponent={
        <VictoryLabel
          capHeight={0.71}
          lineHeight={1} />
      }
      samples={50}
      scale="linear"
      sortKey="x"
      standalone={true}
      style={
        Object {
          "data": Object {
            "stroke": "#6BAC43",
            "strokeWidth": "3",
          },
        }
      }
      theme={
        Object {
          "area": Object {
            "colorScale": Array [
              "#252525",
              "#525252",
              "#737373",
              "#969696",
              "#bdbdbd",
              "#d9d9d9",
              "#f0f0f0",
            ],
            "height": 300,
            "padding": 50,
            "style": Object {
              "data": Object {
                "fill": "#252525",
              },
              "labels": Object {
                "fill": "#252525",
                "fontFamily": "\'Gill Sans\', \'Gill Sans MT\', \'Ser­avek\', \'Trebuchet MS\', sans-serif",
                "fontSize": 14,
                "letterSpacing": "normal",
                "padding": 10,
                "stroke": "transparent",
                "textAnchor": "middle",
              },
            },
            "width": 450,
          },
          "axis": Object {
            "colorScale": Array [
              "#252525",
              "#525252",
              "#737373",
              "#969696",
              "#bdbdbd",
              "#d9d9d9",
              "#f0f0f0",
            ],
            "height": 300,
            "padding": 50,
            "style": Object {
              "axis": Object {
                "fill": "transparent",
                "stroke": "#252525",
                "strokeLinecap": "round",
                "strokeLinejoin": "round",
                "strokeWidth": 1,
              },
              "axisLabel": Object {
                "fill": "#252525",
                "fontFamily": "\'Gill Sans\', \'Gill Sans MT\', \'Ser­avek\', \'Trebuchet MS\', sans-serif",
                "fontSize": 14,
                "letterSpacing": "normal",
                "padding": 25,
                "stroke": "transparent",
                "textAnchor": "middle",
              },
              "grid": Object {
                "fill": "transparent",
                "stroke": "transparent",
              },
              "tickLabels": Object {
                "fill": "#252525",
                "fontFamily": "\'Gill Sans\', \'Gill Sans MT\', \'Ser­avek\', \'Trebuchet MS\', sans-serif",
                "fontSize": 14,
                "letterSpacing": "normal",
                "padding": 10,
                "stroke": "transparent",
              },
              "ticks": Object {
                "fill": "transparent",
                "size": 1,
                "stroke": "transparent",
              },
            },
            "width": 450,
          },
          "bar": Object {
            "colorScale": Array [
              "#252525",
              "#525252",
              "#737373",
              "#969696",
              "#bdbdbd",
              "#d9d9d9",
              "#f0f0f0",
            ],
            "height": 300,
            "padding": 50,
            "style": Object {
              "data": Object {
                "fill": "#252525",
                "padding": 10,
                "stroke": "transparent",
                "strokeWidth": 0,
                "width": 8,
              },
              "labels": Object {
                "fill": "#252525",
                "fontFamily": "\'Gill Sans\', \'Gill Sans MT\', \'Ser­avek\', \'Trebuchet MS\', sans-serif",
                "fontSize": 14,
                "letterSpacing": "normal",
                "padding": 10,
                "stroke": "transparent",
              },
            },
            "width": 450,
          },
          "candlestick": Object {
            "candleColors": Object {
              "negative": "#252525",
              "positive": "#ffffff",
            },
            "colorScale": Array [
              "#252525",
              "#525252",
              "#737373",
              "#969696",
              "#bdbdbd",
              "#d9d9d9",
              "#f0f0f0",
            ],
            "height": 300,
            "padding": 50,
            "style": Object {
              "data": Object {
                "stroke": "#252525",
                "strokeWidth": 1,
              },
              "labels": Object {
                "fill": "#252525",
                "fontFamily": "\'Gill Sans\', \'Gill Sans MT\', \'Ser­avek\', \'Trebuchet MS\', sans-serif",
                "fontSize": 14,
                "letterSpacing": "normal",
                "padding": 10,
                "stroke": "transparent",
                "textAnchor": "middle",
              },
            },
            "width": 450,
          },
          "chart": Object {
            "colorScale": Array [
              "#252525",
              "#525252",
              "#737373",
              "#969696",
              "#bdbdbd",
              "#d9d9d9",
              "#f0f0f0",
            ],
            "height": 300,
            "padding": 50,
            "width": 450,
          },
          "errorbar": Object {
            "colorScale": Array [
              "#252525",
              "#525252",
              "#737373",
              "#969696",
              "#bdbdbd",
              "#d9d9d9",
              "#f0f0f0",
            ],
            "height": 300,
            "padding": 50,
            "style": Object {
              "data": Object {
                "fill": "transparent",
                "stroke": "#252525",
                "strokeWidth": 2,
              },
              "labels": Object {
                "fill": "#252525",
                "fontFamily": "\'Gill Sans\', \'Gill Sans MT\', \'Ser­avek\', \'Trebuchet MS\', sans-serif",
                "fontSize": 14,
                "letterSpacing": "normal",
                "padding": 10,
                "stroke": "transparent",
                "textAnchor": "middle",
              },
            },
            "width": 450,
          },
          "group": Object {
            "colorScale": Array [
              "#252525",
              "#525252",
              "#737373",
              "#969696",
              "#bdbdbd",
              "#d9d9d9",
              "#f0f0f0",
            ],
            "height": 300,
            "padding": 50,
            "width": 450,
          },
          "line": Object {
            "colorScale": Array [
              "#252525",
              "#525252",
              "#737373",
              "#969696",
              "#bdbdbd",
              "#d9d9d9",
              "#f0f0f0",
            ],
            "height": 300,
            "padding": 50,
            "style": Object {
              "data": Object {
                "fill": "transparent",
                "stroke": "#252525",
                "strokeWidth": 2,
              },
              "labels": Object {
                "fill": "#252525",
                "fontFamily": "\'Gill Sans\', \'Gill Sans MT\', \'Ser­avek\', \'Trebuchet MS\', sans-serif",
                "fontSize": 14,
                "letterSpacing": "normal",
                "padding": 10,
                "stroke": "transparent",
                "textAnchor": "start",
              },
            },
            "width": 450,
          },
          "pie": Object {
            "colorScale": Array [
              "#252525",
              "#525252",
              "#737373",
              "#969696",
              "#bdbdbd",
              "#d9d9d9",
              "#f0f0f0",
            ],
            "height": 400,
            "padding": 50,
            "style": Object {
              "data": Object {
                "padding": 10,
                "stroke": "transparent",
                "strokeWidth": 1,
              },
              "labels": Object {
                "fill": "#252525",
                "fontFamily": "\'Gill Sans\', \'Gill Sans MT\', \'Ser­avek\', \'Trebuchet MS\', sans-serif",
                "fontSize": 14,
                "letterSpacing": "normal",
                "padding": 20,
                "stroke": "transparent",
              },
            },
            "width": 400,
          },
          "scatter": Object {
            "colorScale": Array [
              "#252525",
              "#525252",
              "#737373",
              "#969696",
              "#bdbdbd",
              "#d9d9d9",
              "#f0f0f0",
            ],
            "height": 300,
            "padding": 50,
            "style": Object {
              "data": Object {
                "fill": "#252525",
                "stroke": "transparent",
                "strokeWidth": 0,
              },
              "labels": Object {
                "fill": "#252525",
                "fontFamily": "\'Gill Sans\', \'Gill Sans MT\', \'Ser­avek\', \'Trebuchet MS\', sans-serif",
                "fontSize": 14,
                "letterSpacing": "normal",
                "padding": 10,
                "stroke": "transparent",
                "textAnchor": "middle",
              },
            },
            "width": 450,
          },
          "stack": Object {
            "colorScale": Array [
              "#252525",
              "#525252",
              "#737373",
              "#969696",
              "#bdbdbd",
              "#d9d9d9",
              "#f0f0f0",
            ],
            "height": 300,
            "padding": 50,
            "width": 450,
          },
          "tooltip": Object {
            "colorScale": Array [
              "#252525",
              "#525252",
              "#737373",
              "#969696",
              "#bdbdbd",
              "#d9d9d9",
              "#f0f0f0",
            ],
            "flyoutProps": Object {
              "cornerRadius": 10,
              "pointerLength": 10,
            },
            "height": 300,
            "padding": 50,
            "style": Object {
              "data": Object {
                "fill": "transparent",
                "stroke": "transparent",
                "strokeWidth": 0,
              },
              "flyout": Object {
                "fill": "#f0f0f0",
                "stroke": "#252525",
                "strokeWidth": 1,
              },
              "labels": Object {
                "fill": "#252525",
                "fontFamily": "\'Gill Sans\', \'Gill Sans MT\', \'Ser­avek\', \'Trebuchet MS\', sans-serif",
                "fontSize": 14,
                "letterSpacing": "normal",
                "padding": 10,
                "stroke": "transparent",
                "textAnchor": "middle",
              },
            },
            "width": 450,
          },
          "voronoi": Object {
            "colorScale": Array [
              "#252525",
              "#525252",
              "#737373",
              "#969696",
              "#bdbdbd",
              "#d9d9d9",
              "#f0f0f0",
            ],
            "height": 300,
            "padding": 50,
            "style": Object {
              "data": Object {
                "fill": "transparent",
                "stroke": "transparent",
                "strokeWidth": 0,
              },
              "labels": Object {
                "fill": "#252525",
                "fontFamily": "\'Gill Sans\', \'Gill Sans MT\', \'Ser­avek\', \'Trebuchet MS\', sans-serif",
                "fontSize": 14,
                "letterSpacing": "normal",
                "padding": 10,
                "stroke": "transparent",
                "textAnchor": "middle",
              },
            },
            "width": 450,
          },
        }
      }
      x="month"
      y="amount" />
  </VictoryChart>
</div>
`;
