exports[`test should render with no props 1`] = `
<Input>
  <div className="input" style={{...}} data-spec="input-wrapper">
    <RenderLabel hideLabel={[undefined]} id={[undefined]} name={[undefined]} label={[undefined]} disabled={[undefined]}>
      <Label labelFor={[undefined]} labelName={[undefined]} disabed={false}>
        <label htmlFor={[undefined]} style={{...}} />
      </Label>
    </RenderLabel>
    <input id={[undefined]} type={[undefined]} placeholder={[undefined]} name={[undefined]} className={[undefined]} disabled={[undefined]} onBlur={[Function]} onFocus={[Function]} onChange={[Function]} defaultValue={[undefined]} style={{...}} maxLength="" data-spec="input" />
  </div>
</Input>
`;
