// Jest Snapshot v1, https://goo.gl/fbAQLP

exports[`should render with props 1`] = `
<Layout
  back={[Function]}
  formatExp={[Function]}
  header={
    <span>
      header
    </span>
  }
  next={[Function]}
  payment={
    Object {
      "expiration": null,
    }
  }
  saveData={[Function]}
  saveName={[Function]}
  savePayment={[Function]}
  savedAccount={Object {}}
  schedule={
    Object {
      "start": null,
    }
  }
  shouldSaveState={true}
  toggle={[Function]}
  toggles={
    Array [
      "one",
      "two",
    ]
  }
  transactionType="default"
  validate={[Function]}
>
  <span>
    child
  </span>
</Layout>
`;
