// Jest Snapshot v1, https://goo.gl/fbAQLP

exports[`Remind should give default info if no props are passed 1`] = `
<div
  className="soft soft-double-ends one-whole text-center">
  <h4
    className="text-center push-ends">
    Remind Me Later
  </h4>
  <p
    className="text-left">
    We know life is busy! We would be happy to remind you about transferring your schedules at a later date.
  </p>
  <p
    className="text-left push-double-bottom">
    Please be aware that your existing schedule will continue to charge the account on file until you transfer it for editing in our new system.
  </p>
  <Form
    classes={
      Array [
        "text-left",
        "hard",
        "push-top",
      ]
    }
    id="remind">
    <h3
      className="text-dark-tertiary display-inline-block push-half-bottom push-half-right">
      I'd like to be reminded
    </h3>
    <Select
      classes={
        Array [
          "soft-bottom",
          "display-inline-block",
        ]
      }
      defaultValue="tomorrow"
      hideLabel={true}
      id="remind-frequency"
      includeBlank={false}
      inputClasses="outlined--dotted outlined--light h3 hard-top flush-bottom"
      items={
        Array [
          Object {
            "label": "Tomorrow",
            "value": "tomorrow",
          },
          Object {
            "label": "Next Week",
            "value": "nextWeek",
          },
          Object {
            "label": "In Two Weeks",
            "value": "twoWeeks",
          },
        ]
      }
      name="frequency" />
    <button
      className="one-whole btn push-ends"
      data-spec="remind-me">
      Remind Me Later
    </button>
    <button
      className="btn--thin btn--small btn--dark-tertiary one-whole"
      data-spec="back-button">
      Back to Contributions
    </button>
  </Form>
</div>
`;
