// Jest Snapshot v1, https://goo.gl/fbAQLP

exports[`SavedPaymentCard should have an accountName, fourDigit accountNumber, paymentType, and an onClick function 1`] = `
<div
  className=""
  data-spec="saved-payment"
  onClick={[Function]}
  style={
    Object {
      "cursor": "pointer",
    }
  }>
  <div
    className="card">
    <div
      className="card__item soft push-half-ends one-whole"
      style={
        Object {
          "verticalAlign": "middle",
        }
      }>
      <div
        className="floating grid">
        <div
          className="floating__item grid__item two-thirds text-left">
          <h5
            className="text-dark-primary capitalize push-half-bottom">
            Yule Brenner
          </h5>
          <div
            className="floating text-left">
            <h6
              className="text-dark-tertiary flush soft-half-right floating__item">
              1256
            </h6>
            <div
              className="floating__item">
              <AccountType
                height="25px"
                type="Visa"
                width="40px" />
            </div>
          </div>
        </div>
        <div
          className="floating__item grid__item one-third text-right">
          <i
            className="icon-arrow-next text-primary" />
        </div>
      </div>
    </div>
  </div>
</div>
`;
