exports[`test renders a layout 1`] = `
<div>
  <Connect(SplitContainerWithoutData)>
    <Right
      background="//s3.amazonaws.com/ns.images/newspring/christmasoffering/christmas_offering_1x1.png" />
  </Connect(SplitContainerWithoutData)>
  <Left>
    <Connect(Dashboard)
      additionalClasses="soft-half-sides push-half-right"
      subNav={
        Array [
          Object {
            "isActive": true,
            "linkUrl": "/give/home",
            "onClick": [Function],
            "title": "Dashboard",
          },
          Object {
            "isActive": false,
            "linkUrl": "/give/now",
            "onClick": [Function],
            "title": "Give Now",
          },
          Object {
            "isActive": false,
            "linkUrl": "/give/history",
            "onClick": [Function],
            "title": "History",
          },
        ]
      }
      title="My Giving">
      <div
        setRightProps={[Function]} />
    </Connect(Dashboard)>
  </Left>
</div>
`;
