exports[`test overflow contains css object 1`] = `
Object {
  "WebkitOverflowScrolling": "touch",
  "overflowX": "scroll",
  "overflowY": "hidden",
  "paddingLeft": "20px",
}
`;

exports[`test renders loading 1`] = `
<div className="text-center soft-ends">
<Spinner />
</div>
`;

exports[`test renders with props 1`] = `
<div style={{...}}>
<section className="soft-half-top" style={{...}}>
<SeriesVideoListItem sermon={{...}} order={0} />
<SeriesVideoListItem sermon={{...}} order={1} />
</section>
</div>
`;
