exports[`test renders with props 1`] = `
<Link to="/series/2/sermon/1" className="text-dark-secondary floating ratio--square display-inline-block rounded background--light-tertiary push-right" style={{...}} onlyActiveOnIndex={false}>
<div className="one-whole soft-sides text-left floating__item">
<div className="background--light-primary floating locked-left locked-top" style={{...}}>
<h5 className="floating__item flush">
2
</h5>
</div>
<h4>
test sermon
</h4>
<i className="soft-half-right icon-category-video" />
<h7>
Jim Bob
</h7>
<h7 className="push-half-top float-right text-right">
Invalid date
</h7>
</div>
</Link>
`;
