// Jest Snapshot v1, https://goo.gl/fbAQLP

exports[`should render with minimal props 1`] = `
<mockConstructor
  GIVING_SCHEDULES={
    Array [
      Object {
        "label": "One time",
        "value": "One-Time",
      },
      Object {
        "label": "Every Month",
        "value": "Monthly",
      },
      Object {
        "label": "Every Week",
        "value": "Weekly",
      },
      Object {
        "label": "Every 2 Weeks",
        "value": "Bi-Weekly",
      },
    ]
  }
  START_DATES={
    Array [
      Object {
        "label": "Tomorrow",
        "value": "now.endOf(days).add(1, days).toISOString()",
      },
      Object {
        "label": "now.endOf(days).add(1, days).format(MMM D)",
        "value": "now.endOf(days).add(1, days).toISOString()",
      },
      Object {
        "label": "Custom",
        "value": "custom",
      },
    ]
  }
  checked={false}
  frequencyClick={[Function]}
  onDayClick={[Function]}
  showDatePicker={false}
  start={null}
  startClick={[Function]}
  toggleDatePicker={[Function]}
  toggleSchedule={[Function]}
/>
`;
