// Jest Snapshot v1, https://goo.gl/fbAQLP

exports[`renders with props 1`] = `
<div
  className="background--light-primary one-whole text-center push-top push-double-top@lap-and-up push-double-bottom background--light-primary"
>
  <Meta
    title="Change your address"
  />
  <Back />
  <Form
    classes={
      Array [
        "soft",
        "one-whole",
        "two-thirds@portable",
        "one-half@anchored",
        "display-inline-block",
        "soft-double-sides@palm-wide",
      ]
    }
    id="reset-password"
    submit={[Function]}
  >
    <div
      className="push-double"
    >
      <h4
        className="text-center"
      >
        My Home Address
      </h4>
    </div>
    <Input
      defaultValue="test street"
      label="Street"
      name="Street1"
      type="text"
    />
    <Input
      defaultValue="apt. 1"
      label="Street 2 (Optional)"
      name="Street2"
      type="text"
    />
    <div
      className="grid"
    >
      <div
        className="grid__item two-fifths"
      >
        <Input
          defaultValue="anderson"
          label="City"
          name="City"
        />
      </div>
      <div
        className="grid__item three-fifths"
      >
        <div
          className="grid"
        >
          <div
            className="grid__item one-half"
          >
            <Input
              defaultValue="SC"
              label="State"
              name="State"
            />
          </div>
          <div
            className="grid__item one-half"
          >
            <Input
              defaultValue="22222"
              label="Zip"
              name="PostalCode"
            />
          </div>
        </div>
      </div>
    </div>
    <button
      className="btn"
    >
      Update
    </button>
  </Form>
</div>
`;
