exports[`test renders out a full card when all data is provided 1`] = `
<div
  className="soft-ends text-left hard-sides outlined--light outlined--bottom constrain-mobile">
  <div
    className="display-inline-block soft-half-ends one-whole">
    <h6
      className="flush-bottom float-left">
      Test Card
    </h6>
    <button
      className="h6 flush-bottom float-right text-alert"
      id="TEST"
      onClick={[Function]}>
      Remove
    </button>
  </div>
  <h5
    className="hard one-whole flush-bottom">
    **********
    1111
    <span
      className="float-right ">
      <div
        className="background--fill display-inline-block gMOnKZ"
        height="20px"
        width="30px" />
    </span>
  </h5>
</div>
`;
