// Jest Snapshot v1, https://goo.gl/fbAQLP

exports[`renders with props 1`] = `
<Connect(Authorized)>
  <Component
    Loading={[Function]}
    alive={true}
    done={false}
    family={Array []}
    filterTransactions={[Function]}
    onPrintClick={[Function]}
    printLoading={false}
    ready={true}
    reloading={false}
    transactions={Array []}
  />
</Connect(Authorized)>
`;
