// Jest Snapshot v1, https://goo.gl/fbAQLP

exports[`should return css class for content color gradient backgrounds 1`] = `
"
    .overlay-color--0000ff:after{
      background: linear-gradient(
        to bottom, rgba(0, 0, 255, 0) 0%, #0000ff 100%
      );
    }
  "
`;

exports[`test should return css class for content color gradient backgrounds 1`] = `
"
    .overlay-color--0000ff:after{
      background: linear-gradient(
        to bottom, rgba(0, 0, 255, 0) 0%, #0000ff 100%
      );
    }
  "
`;
