// Jest Snapshot v1, https://goo.gl/fbAQLP

exports[`Line Graph renders correctly with default props 1`] = `
<div
  className="">
  <VictoryChart
    animate={
      Object {
        "duration": 2000,
      }
    }
    height={160}
    padding={
      Object {
        "bottom": 20,
        "left": 10,
        "right": 10,
        "top": 5,
      }
    }>
    <VictoryAxis
      style={
        Object {
          "axis": Object {
            "stroke": "transparent",
            "strokeWidth": "0",
          },
          "tickLabels": Object {
            "fill": "#858585",
            "fontFamily": "colfax-web, sans-serif",
            "fontSize": "10",
          },
        }
      }
      tickFormat={
        Array [
          "J",
          "F",
          "M",
          "A",
          "M",
          "J",
          "J",
          "A",
          "S",
          "O",
          "N",
          "D",
        ]
      } />
    <VictoryArea
      data={
        Array [
          Object {
            "amount": 10,
            "month": "January",
            "tick": "J",
          },
          Object {
            "amount": 20,
            "month": "February",
            "tick": "F",
          },
          Object {
            "amount": 30,
            "month": "March",
            "tick": "M",
          },
          Object {
            "amount": 40,
            "month": "April",
            "tick": "A",
          },
          Object {
            "amount": 50,
            "month": "May",
            "tick": "M",
          },
          Object {
            "amount": 60,
            "month": "June",
            "tick": "J",
          },
          Object {
            "amount": 70,
            "month": "July",
            "tick": "J",
          },
          Object {
            "amount": 80,
            "month": "August",
            "tick": "A",
          },
          Object {
            "amount": 90,
            "month": "September",
            "tick": "S",
          },
          Object {
            "amount": 100,
            "month": "October",
            "tick": "O",
          },
          Object {
            "amount": 110,
            "month": "November",
            "tick": "N",
          },
          Object {
            "amount": 120,
            "month": "December",
            "tick": "D",
          },
        ]
      }
      groupComponent={
        <GradientGroup
          gradientColor="#6BAC43" />
      }
      style={
        Object {
          "data": Object {
            "fill": "url(#gradient)",
            "opacity": 0.5,
            "stroke": "none",
          },
        }
      }
      x="month"
      y="amount" />
    <VictoryLine
      data={
        Array [
          Object {
            "amount": 10,
            "month": "January",
            "tick": "J",
          },
          Object {
            "amount": 20,
            "month": "February",
            "tick": "F",
          },
          Object {
            "amount": 30,
            "month": "March",
            "tick": "M",
          },
          Object {
            "amount": 40,
            "month": "April",
            "tick": "A",
          },
          Object {
            "amount": 50,
            "month": "May",
            "tick": "M",
          },
          Object {
            "amount": 60,
            "month": "June",
            "tick": "J",
          },
          Object {
            "amount": 70,
            "month": "July",
            "tick": "J",
          },
          Object {
            "amount": 80,
            "month": "August",
            "tick": "A",
          },
          Object {
            "amount": 90,
            "month": "September",
            "tick": "S",
          },
          Object {
            "amount": 100,
            "month": "October",
            "tick": "O",
          },
          Object {
            "amount": 110,
            "month": "November",
            "tick": "N",
          },
          Object {
            "amount": 120,
            "month": "December",
            "tick": "D",
          },
        ]
      }
      style={
        Object {
          "data": Object {
            "stroke": "#6BAC43",
            "strokeWidth": "3",
          },
        }
      }
      x="month"
      y="amount" />
    <VictoryScatter
      data={
        Array [
          Object {
            "amount": 10,
            "month": "January",
            "tick": "J",
          },
          Object {
            "amount": 20,
            "month": "February",
            "tick": "F",
          },
          Object {
            "amount": 30,
            "month": "March",
            "tick": "M",
          },
          Object {
            "amount": 40,
            "month": "April",
            "tick": "A",
          },
          Object {
            "amount": 50,
            "month": "May",
            "tick": "M",
          },
          Object {
            "amount": 60,
            "month": "June",
            "tick": "J",
          },
          Object {
            "amount": 70,
            "month": "July",
            "tick": "J",
          },
          Object {
            "amount": 80,
            "month": "August",
            "tick": "A",
          },
          Object {
            "amount": 90,
            "month": "September",
            "tick": "S",
          },
          Object {
            "amount": 100,
            "month": "October",
            "tick": "O",
          },
          Object {
            "amount": 110,
            "month": "November",
            "tick": "N",
          },
          Object {
            "amount": 120,
            "month": "December",
            "tick": "D",
          },
        ]
      }
      size="5"
      style={
        Object {
          "data": Object {
            "fill": "#6BAC43",
          },
        }
      }
      x="month"
      y="amount" />
  </VictoryChart>
</div>
`;
